Archive member included to satisfy reference by file (symbol)

c:/Users/chill/workspace/loop_rx_tx/build/PeriphDriver/PeriphDriver.a(gpio.o)
                              c:/Users/chill/workspace/loop_rx_tx/build/led.o (GPIO_Config)
c:/Users/chill/workspace/loop_rx_tx/build/PeriphDriver/PeriphDriver.a(mxc_delay.o)
                              c:/Users/chill/workspace/loop_rx_tx/build/rom_stub.o (SysTick_Handler)
c:/Users/chill/workspace/loop_rx_tx/build/PeriphDriver/PeriphDriver.a(mxc_sys.o)
                              c:/Users/chill/workspace/loop_rx_tx/build/system_max32520.o (SYS_ClockEnable)
c:/Users/chill/workspace/loop_rx_tx/build/PeriphDriver/PeriphDriver.a(uart.o)
                              c:/Users/chill/workspace/loop_rx_tx/build/board.o (UART_Init)
c:/Users/chill/workspace/loop_rx_tx/build/PeriphDriver/PeriphDriver.a(mxc_lock.o)
                              c:/Users/chill/workspace/loop_rx_tx/build/PeriphDriver/PeriphDriver.a(uart.o) (mxc_get_lock)
c:/Users/chill/workspace/loop_rx_tx/build/PeriphDriver/PeriphDriver.a(mxc_pins.o)
                              c:/Users/chill/workspace/loop_rx_tx/build/PeriphDriver/PeriphDriver.a(mxc_sys.o) (gpio_cfg_spi17y1_ss3)
c:/program files (x86)/gnu tools arm embedded/9 2019-q4-major/bin/../lib/gcc/arm-none-eabi/9.2.1/../../../../arm-none-eabi/lib/thumb/v7e-m+fp/softfp\libc.a(lib_a-errno.o)
                              c:/Users/chill/workspace/loop_rx_tx/build/stdio.o (__errno)
c:/program files (x86)/gnu tools arm embedded/9 2019-q4-major/bin/../lib/gcc/arm-none-eabi/9.2.1/../../../../arm-none-eabi/lib/thumb/v7e-m+fp/softfp\libc.a(lib_a-exit.o)
                              c:/program files (x86)/gnu tools arm embedded/9 2019-q4-major/bin/../lib/gcc/arm-none-eabi/9.2.1/../../../../arm-none-eabi/lib/thumb/v7e-m+fp/softfp/crt0.o (exit)
c:/program files (x86)/gnu tools arm embedded/9 2019-q4-major/bin/../lib/gcc/arm-none-eabi/9.2.1/../../../../arm-none-eabi/lib/thumb/v7e-m+fp/softfp\libc.a(lib_a-fflush.o)
                              c:/Users/chill/workspace/loop_rx_tx/build/main.o (fflush)
c:/program files (x86)/gnu tools arm embedded/9 2019-q4-major/bin/../lib/gcc/arm-none-eabi/9.2.1/../../../../arm-none-eabi/lib/thumb/v7e-m+fp/softfp\libc.a(lib_a-findfp.o)
                              c:/program files (x86)/gnu tools arm embedded/9 2019-q4-major/bin/../lib/gcc/arm-none-eabi/9.2.1/../../../../arm-none-eabi/lib/thumb/v7e-m+fp/softfp\libc.a(lib_a-fflush.o) (__sinit)
c:/program files (x86)/gnu tools arm embedded/9 2019-q4-major/bin/../lib/gcc/arm-none-eabi/9.2.1/../../../../arm-none-eabi/lib/thumb/v7e-m+fp/softfp\libc.a(lib_a-freer.o)
                              c:/program files (x86)/gnu tools arm embedded/9 2019-q4-major/bin/../lib/gcc/arm-none-eabi/9.2.1/../../../../arm-none-eabi/lib/thumb/v7e-m+fp/softfp\libc.a(lib_a-fflush.o) (_free_r)
c:/program files (x86)/gnu tools arm embedded/9 2019-q4-major/bin/../lib/gcc/arm-none-eabi/9.2.1/../../../../arm-none-eabi/lib/thumb/v7e-m+fp/softfp\libc.a(lib_a-fwalk.o)
                              c:/program files (x86)/gnu tools arm embedded/9 2019-q4-major/bin/../lib/gcc/arm-none-eabi/9.2.1/../../../../arm-none-eabi/lib/thumb/v7e-m+fp/softfp\libc.a(lib_a-findfp.o) (_fwalk)
c:/program files (x86)/gnu tools arm embedded/9 2019-q4-major/bin/../lib/gcc/arm-none-eabi/9.2.1/../../../../arm-none-eabi/lib/thumb/v7e-m+fp/softfp\libc.a(lib_a-impure.o)
                              c:/program files (x86)/gnu tools arm embedded/9 2019-q4-major/bin/../lib/gcc/arm-none-eabi/9.2.1/../../../../arm-none-eabi/lib/thumb/v7e-m+fp/softfp\libc.a(lib_a-exit.o) (_global_impure_ptr)
c:/program files (x86)/gnu tools arm embedded/9 2019-q4-major/bin/../lib/gcc/arm-none-eabi/9.2.1/../../../../arm-none-eabi/lib/thumb/v7e-m+fp/softfp\libc.a(lib_a-init.o)
                              c:/program files (x86)/gnu tools arm embedded/9 2019-q4-major/bin/../lib/gcc/arm-none-eabi/9.2.1/../../../../arm-none-eabi/lib/thumb/v7e-m+fp/softfp/crt0.o (__libc_init_array)
c:/program files (x86)/gnu tools arm embedded/9 2019-q4-major/bin/../lib/gcc/arm-none-eabi/9.2.1/../../../../arm-none-eabi/lib/thumb/v7e-m+fp/softfp\libc.a(lib_a-lock.o)
                              c:/program files (x86)/gnu tools arm embedded/9 2019-q4-major/bin/../lib/gcc/arm-none-eabi/9.2.1/../../../../arm-none-eabi/lib/thumb/v7e-m+fp/softfp\libc.a(lib_a-findfp.o) (__retarget_lock_init_recursive)
c:/program files (x86)/gnu tools arm embedded/9 2019-q4-major/bin/../lib/gcc/arm-none-eabi/9.2.1/../../../../arm-none-eabi/lib/thumb/v7e-m+fp/softfp\libc.a(lib_a-mallocr.o)
                              c:/program files (x86)/gnu tools arm embedded/9 2019-q4-major/bin/../lib/gcc/arm-none-eabi/9.2.1/../../../../arm-none-eabi/lib/thumb/v7e-m+fp/softfp\libc.a(lib_a-findfp.o) (_malloc_r)
c:/program files (x86)/gnu tools arm embedded/9 2019-q4-major/bin/../lib/gcc/arm-none-eabi/9.2.1/../../../../arm-none-eabi/lib/thumb/v7e-m+fp/softfp\libc.a(lib_a-memset.o)
[...]
Memory Configuration

Name             Origin             Length             Attributes
CSPI             0x10000000         0x00009000         rw
HEADER           0x1000c000         0x00000100         xr
FLASH            0x1000c100         0x001f3f00         xr
SRAM             0x20000000         0x00022000         xrw
*default*        0x00000000         0xffffffff

Linker script and memory map

LOAD c:/program files (x86)/gnu tools arm embedded/9 2019-q4-major/bin/../lib/gcc/arm-none-eabi/9.2.1/thumb/v7e-m+fp/softfp/crti.o
LOAD c:/program files (x86)/gnu tools arm embedded/9 2019-q4-major/bin/../lib/gcc/arm-none-eabi/9.2.1/thumb/v7e-m+fp/softfp/crtbegin.o
LOAD c:/program files (x86)/gnu tools arm embedded/9 2019-q4-major/bin/../lib/gcc/arm-none-eabi/9.2.1/../../../../arm-none-eabi/lib/thumb/v7e-m+fp/softfp/crt0.o
LOAD c:/Users/chill/workspace/loop_rx_tx/build/main.o
LOAD c:/Users/chill/workspace/loop_rx_tx/build/sla_header.o
LOAD c:/Users/chill/workspace/loop_rx_tx/build/board.o
LOAD c:/Users/chill/workspace/loop_rx_tx/build/stdio.o
LOAD c:/Users/chill/workspace/loop_rx_tx/build/rom_stub.o
LOAD c:/Users/chill/workspace/loop_rx_tx/build/led.o
LOAD c:/Users/chill/workspace/loop_rx_tx/build/startup_max32520.o
LOAD c:/Users/chill/workspace/loop_rx_tx/build/heap.o
LOAD c:/Users/chill/workspace/loop_rx_tx/build/system_max32520.o
START GROUP
LOAD c:/Users/chill/workspace/loop_rx_tx/build/PeriphDriver/PeriphDriver.a
LOAD c:/program files (x86)/gnu tools arm embedded/9 2019-q4-major/bin/../lib/gcc/arm-none-eabi/9.2.1/../../../../arm-none-eabi/lib/thumb/v7e-m+fp/softfp\libc.a
LOAD c:/program files (x86)/gnu tools arm embedded/9 2019-q4-major/bin/../lib/gcc/arm-none-eabi/9.2.1/../../../../arm-none-eabi/lib/thumb/v7e-m+fp/softfp\libm.a
LOAD c:/program files (x86)/gnu tools arm embedded/9 2019-q4-major/bin/../lib/gcc/arm-none-eabi/9.2.1/../../../../arm-none-eabi/lib/thumb/v7e-m+fp/softfp\libnosys.a
END GROUP
START GROUP
LOAD c:/program files (x86)/gnu tools arm embedded/9 2019-q4-major/bin/../lib/gcc/arm-none-eabi/9.2.1/thumb/v7e-m+fp/softfp\libgcc.a
LOAD c:/program files (x86)/gnu tools arm embedded/9 2019-q4-major/bin/../lib/gcc/arm-none-eabi/9.2.1/../../../../arm-none-eabi/lib/thumb/v7e-m+fp/softfp\libc.a
END GROUP
LOAD c:/program files (x86)/gnu tools arm embedded/9 2019-q4-major/bin/../lib/gcc/arm-none-eabi/9.2.1/thumb/v7e-m+fp/softfp/crtend.o
LOAD c:/program files (x86)/gnu tools arm embedded/9 2019-q4-major/bin/../lib/gcc/arm-none-eabi/9.2.1/thumb/v7e-m+fp/softfp/crtn.o
                0x48c50010                PROVIDE (_start_SWAP = ((((Reset_Handler >> 0x18) | ((Reset_Handler & 0xff0000) >> 0x8)) | ((Reset_Handler & 0xff00) << 0x8)) | (Reset_Handler << 0x18)))
                0x000078f0                PROVIDE (_SLA_Size = (_endimage - __end_header))
                0xf0780000                PROVIDE (_SLA_Size_SWAP = ((((_SLA_Size >> 0x18) | ((_SLA_Size & 0xff0000) >> 0x8)) | ((_SLA_Size & 0xff00) << 0x8)) | (_SLA_Size << 0x18)))

.sla_header     0x1000c000      0x100
 FILL mask 0xff
 *(.sb_sla_header)
 .sb_sla_header
                0x1000c000       0x20 c:/Users/chill/workspace/loop_rx_tx/build/sla_header.o
                0x1000c000                sb_header
                0x1000c020                __end_header = .
                0x1000c100                . = ALIGN (0x100)
 *fill*         0x1000c020       0xe0 ff

.text           0x1000c100     0x6e38
                0x1000c100                _text = .
 *(.isr_vector)
 .isr_vector    0x1000c100      0x1c4 c:/Users/chill/workspace/loop_rx_tx/build/startup_max32520.o
                0x1000c100                __isr_vector
 *(.text*)
 .text          0x1000c2c4       0x40 c:/program files (x86)/gnu tools arm embedded/9 2019-q4-major/bin/../lib/gcc/arm-none-eabi/9.2.1/thumb/v7e-m+fp/softfp/crtbegin.o
 .text.UT_CharToHex
                0x1000c304       0x14 c:/Users/chill/workspace/loop_rx_tx/build/main.o
                0x1000c304                UT_CharToHex
 .text.startup.main
                0x1000c318       0x8c c:/Users/chill/workspace/loop_rx_tx/build/main.o
                0x1000c318                main
 .text.mxc_assert
                0x1000c3a4       0x10 c:/Users/chill/workspace/loop_rx_tx/build/board.o
                0x1000c3a4                mxc_assert
 .text.Console_Init
                0x1000c3b4       0x34 c:/Users/chill/workspace/loop_rx_tx/build/board.o
                0x1000c3b4                Console_Init
 .text.Board_Init
                0x1000c3e8       0x34 c:/Users/chill/workspace/loop_rx_tx/build/board.o
                0x1000c3e8                Board_Init
 .text.NMI_Handler
                0x1000c41c        0x4 c:/Users/chill/workspace/loop_rx_tx/build/board.o
                0x1000c41c                NMI_Handler
 .text._close   0x1000c420        0x6 c:/Users/chill/workspace/loop_rx_tx/build/stdio.o
                0x1000c420                _close
 .text._isatty  0x1000c426        0x6 c:/Users/chill/workspace/loop_rx_tx/build/stdio.o
                0x1000c426                _isatty
 .text._lseek   0x1000c42c        0x6 c:/Users/chill/workspace/loop_rx_tx/build/stdio.o
                0x1000c42c                _lseek
 .text._fstat   0x1000c432        0x6 c:/Users/chill/workspace/loop_rx_tx/build/stdio.o
                0x1000c432                _fstat
 .text._read    0x1000c438       0x50 c:/Users/chill/workspace/loop_rx_tx/build/stdio.o
                0x1000c438                _read
 .text._write   0x1000c488       0x48 c:/Users/chill/workspace/loop_rx_tx/build/stdio.o
                0x1000c488                _write
 .text.LED_Off  0x1000c4d0       0x38 c:/Users/chill/workspace/loop_rx_tx/build/led.o
                0x1000c4d0                LED_Off
 .text.LED_Init
                0x1000c508       0x40 c:/Users/chill/workspace/loop_rx_tx/build/led.o
                0x1000c508                LED_Init
 .text          0x1000c548      0x134 c:/Users/chill/workspace/loop_rx_tx/build/startup_max32520.o
                0x1000c548                Reset_Handler
                0x1000c584                HardFault_Handler
                0x1000c586                MemManage_Handler
                0x1000c588                BusFault_Handler
                0x1000c58a                UsageFault_Handler
                0x1000c58c                SVC_Handler
                0x1000c58e                PendSV_Handler
                0x1000c590                Default_Handler
                0x1000c592                PF_IRQHandler
                0x1000c594                WDT0_IRQHandler
                0x1000c596                RSV2_IRQHandler
                0x1000c598                RSV3_IRQHandler
                0x1000c59a                TRNG_IRQHandler
                0x1000c59c                TMR0_IRQHandler
                0x1000c59e                TMR1_IRQHandler
                0x1000c5a0                TMR2_IRQHandler
                0x1000c5a2                TMR3_IRQHandler
                0x1000c5a4                RSV9_IRQHandler
                0x1000c5a6                RSV10_IRQHandler
                0x1000c5a8                RSV11_IRQHandler
                0x1000c5aa                RSV12_IRQHandler
                0x1000c5ac                I2C0_IRQHandler
                0x1000c5ae                UART0_IRQHandler
                0x1000c5b0                RSV15_IRQHandler
                0x1000c5b2                SPI0_IRQHandler
                0x1000c5b4                SPI1_IRQHandler
                0x1000c5b6                RSV18_IRQHandler
                0x1000c5b8                RSV19_IRQHandler
                0x1000c5ba                RSV20_IRQHandler
                0x1000c5bc                RSV21_IRQHandler
                0x1000c5be                RSV22_IRQHandler
                0x1000c5c0                FLC0_IRQHandler
                0x1000c5c2                GPIO0_IRQHandler
                0x1000c5c4                GPIO1_IRQHandler
                0x1000c5c6                RSV26_IRQHandler
                0x1000c5c8                TPU_IRQHandler
                0x1000c5ca                DMA0_IRQHandler
                0x1000c5cc                DMA1_IRQHandler
                0x1000c5ce                DMA2_IRQHandler
                0x1000c5d0                DMA3_IRQHandler
                0x1000c5d2                RSV32_IRQHandler
                0x1000c5d4                RSV33_IRQHandler
                0x1000c5d6                RSV34_IRQHandler
                0x1000c5d8                RSV35_IRQHandler
                0x1000c5da                RSV36_IRQHandler
                0x1000c5dc                RSV37_IRQHandler
                0x1000c5de                RSV38_IRQHandler
                0x1000c5e0                RSV39_IRQHandler
                0x1000c5e2                RSV40_IRQHandler
                0x1000c5e4                RSV41_IRQHandler
                0x1000c5e6                RSV42_IRQHandler
                0x1000c5e8                RSV43_IRQHandler
                0x1000c5ea                RSV44_IRQHandler
                0x1000c5ec                RSV45_IRQHandler
                0x1000c5ee                RSV46_IRQHandler
                0x1000c5f0                RSV47_IRQHandler
                0x1000c5f2                RSV48_IRQHandler
                0x1000c5f4                RSV49_IRQHandler
                0x1000c5f6                RSV50_IRQHandler
                0x1000c5f8                RSV51_IRQHandler
                0x1000c5fa                RSV52_IRQHandler
                0x1000c5fc                RSV53_IRQHandler
                0x1000c5fe                GPIOWAKE_IRQHandler
                0x1000c600                RSV55_IRQHandler
                0x1000c602                RSV56_IRQHandler
                0x1000c604                WDT1_IRQHandler
                0x1000c606                RSV58_IRQHandler
                0x1000c608                RSV59_IRQHandler
                0x1000c60a                RSV60_IRQHandler
                0x1000c60c                RSV61_IRQHandler
                0x1000c60e                RSV62_IRQHandler
                0x1000c610                RSV63_IRQHandler
                0x1000c612                RSV64_IRQHandler
                0x1000c614                RSV65_IRQHandler
                0x1000c616                RSV66_IRQHandler
                0x1000c618                RSV67_IRQHandler
                0x1000c61a                RSV68_IRQHandler
                0x1000c61c                RSV69_IRQHandler
                0x1000c61e                RSV70_IRQHandler
                0x1000c620                RSV71_IRQHandler
                0x1000c622                RSV72_IRQHandler
                0x1000c624                RSV73_IRQHandler
                0x1000c626                RSV74_IRQHandler
                0x1000c628                RSV75_IRQHandler
                0x1000c62a                RSV76_IRQHandler
                0x1000c62c                RSV77_IRQHandler
                0x1000c62e                RSV78_IRQHandler
                0x1000c630                RSV79_IRQHandler
                0x1000c632                RSV80_IRQHandler
                0x1000c634                RSV81_IRQHandler
                0x1000c636                ECC_IRQHandler
                0x1000c638                RSV83_IRQHandler
                0x1000c63a                RSV84_IRQHandler
                0x1000c63c                SCA_IRQHandler
                0x1000c63e                RSV86_IRQHandler
                0x1000c640                RSV87_IRQHandler
                0x1000c642                RSV88_IRQHandler
                0x1000c644                RSV89_IRQHandler
                0x1000c646                RSV90_IRQHandler
                0x1000c648                RSV91_IRQHandler
                0x1000c64a                RSV92_IRQHandler
                0x1000c64c                RSV93_IRQHandler
                0x1000c64e                RSV94_IRQHandler
                0x1000c650                PUF_IRQHandler
                0x1000c652                CSPI_IRQHandler
 .text._sbrk    0x1000c67c       0x38 c:/Users/chill/workspace/loop_rx_tx/build/heap.o
                0x1000c67c                _sbrk
 .text.SystemCoreClockUpdate
                0x1000c6b4       0x3c c:/Users/chill/workspace/loop_rx_tx/build/system_max32520.o
                0x1000c6b4                SystemCoreClockUpdate
 .text.PreInit  0x1000c6f0        0x4 c:/Users/chill/workspace/loop_rx_tx/build/system_max32520.o
                0x1000c6f0                PreInit
 .text.SystemInit
                0x1000c6f4       0x7c c:/Users/chill/workspace/loop_rx_tx/build/system_max32520.o
                0x1000c6f4                SystemInit
 .text.GPIO_Config
                0x1000c770       0x94 c:/Users/chill/workspace/loop_rx_tx/build/PeriphDriver/PeriphDriver.a(gpio.o)
                0x1000c770                GPIO_Config
 .text.GPIO_OutSet
                0x1000c804       0x20 c:/Users/chill/workspace/loop_rx_tx/build/PeriphDriver/PeriphDriver.a(gpio.o)
                0x1000c804                GPIO_OutSet
 .text.mxc_delay_init
                0x1000c824       0x80 c:/Users/chill/workspace/loop_rx_tx/build/PeriphDriver/PeriphDriver.a(mxc_delay.o)
 .text.mxc_delay_start
                0x1000c8a4       0x34 c:/Users/chill/workspace/loop_rx_tx/build/PeriphDriver/PeriphDriver.a(mxc_delay.o)
                0x1000c8a4                mxc_delay_start
 .text.mxc_delay_stop
                0x1000c8d8       0x20 c:/Users/chill/workspace/loop_rx_tx/build/PeriphDriver/PeriphDriver.a(mxc_delay.o)
                0x1000c8d8                mxc_delay_stop
 .text.mxc_delay_handler
                0x1000c8f8       0x28 c:/Users/chill/workspace/loop_rx_tx/build/PeriphDriver/PeriphDriver.a(mxc_delay.o)
                0x1000c8f8                mxc_delay_handler
 .text.SysTick_Handler
                0x1000c920        0x4 c:/Users/chill/workspace/loop_rx_tx/build/PeriphDriver/PeriphDriver.a(mxc_delay.o)
                0x1000c920                SysTick_Handler
 .text.mxc_delay_check
                0x1000c924       0x38 c:/Users/chill/workspace/loop_rx_tx/build/PeriphDriver/PeriphDriver.a(mxc_delay.o)
                0x1000c924                mxc_delay_check
 .text.SYS_Clock_Timeout
                0x1000c95c       0x28 c:/Users/chill/workspace/loop_rx_tx/build/PeriphDriver/PeriphDriver.a(mxc_sys.o)
 .text.SYS_ClockEnable
                0x1000c984       0x2c c:/Users/chill/workspace/loop_rx_tx/build/PeriphDriver/PeriphDriver.a(mxc_sys.o)
                0x1000c984                SYS_ClockEnable
 .text.SYS_Clock_Select
                0x1000c9b0       0xa8 c:/Users/chill/workspace/loop_rx_tx/build/PeriphDriver/PeriphDriver.a(mxc_sys.o)
                0x1000c9b0                SYS_Clock_Select
 .text.SYS_UART_Init
                0x1000ca58       0x40 c:/Users/chill/workspace/loop_rx_tx/build/PeriphDriver/PeriphDriver.a(mxc_sys.o)
                0x1000ca58                SYS_UART_Init
 .text.UART_Init
                0x1000ca98       0x5c c:/Users/chill/workspace/loop_rx_tx/build/PeriphDriver/PeriphDriver.a(uart.o)
                0x1000ca98                UART_Init
 .text.UART_ReadByte
                0x1000caf4        0xc c:/Users/chill/workspace/loop_rx_tx/build/PeriphDriver/PeriphDriver.a(uart.o)
                0x1000caf4                UART_ReadByte
 .text.UART_WriteByte
                0x1000cb00        0xa c:/Users/chill/workspace/loop_rx_tx/build/PeriphDriver/PeriphDriver.a(uart.o)
                0x1000cb00                UART_WriteByte
 .text.UART_Enable
                0x1000cb0a        0x2 c:/Users/chill/workspace/loop_rx_tx/build/PeriphDriver/PeriphDriver.a(uart.o)
                0x1000cb0a                UART_Enable
 .text.__errno  0x1000cb0c        0xc c:/program files (x86)/gnu tools arm embedded/9 2019-q4-major/bin/../lib/gcc/arm-none-eabi/9.2.1/../../../../arm-none-eabi/lib/thumb/v7e-m+fp/softfp\libc.a(lib_a-errno.o)
                0x1000cb0c                __errno
 .text.__sflush_r
                0x1000cb18      0x130 c:/program files (x86)/gnu tools arm embedded/9 2019-q4-major/bin/../lib/gcc/arm-none-eabi/9.2.1/../../../../arm-none-eabi/lib/thumb/v7e-m+fp/softfp\libc.a(lib_a-fflush.o)
                0x1000cb18                __sflush_r
 .text._fflush_r
                0x1000cc48       0x5c c:/program files (x86)/gnu tools arm embedded/9 2019-q4-major/bin/../lib/gcc/arm-none-eabi/9.2.1/../../../../arm-none-eabi/lib/thumb/v7e-m+fp/softfp\libc.a(lib_a-fflush.o)
                0x1000cc48                _fflush_r
 .text.fflush   0x1000cca4       0x24 c:/program files (x86)/gnu tools arm embedded/9 2019-q4-major/bin/../lib/gcc/arm-none-eabi/9.2.1/../../../../arm-none-eabi/lib/thumb/v7e-m+fp/softfp\libc.a(lib_a-fflush.o)
                0x1000cca4                fflush
 .text.std      0x1000ccc8       0x50 c:/program files (x86)/gnu tools arm embedded/9 2019-q4-major/bin/../lib/gcc/arm-none-eabi/9.2.1/../../../../arm-none-eabi/lib/thumb/v7e-m+fp/softfp\libc.a(lib_a-findfp.o)
 .text._cleanup_r
                0x1000cd18        0xc c:/program files (x86)/gnu tools arm embedded/9 2019-q4-major/bin/../lib/gcc/arm-none-eabi/9.2.1/../../../../arm-none-eabi/lib/thumb/v7e-m+fp/softfp\libc.a(lib_a-findfp.o)
                0x1000cd18                _cleanup_r
 .text.__sinit  0x1000cd24       0x54 c:/program files (x86)/gnu tools arm embedded/9 2019-q4-major/bin/../lib/gcc/arm-none-eabi/9.2.1/../../../../arm-none-eabi/lib/thumb/v7e-m+fp/softfp\libc.a(lib_a-findfp.o)
                0x1000cd24                __sinit
 .text.__sfp_lock_acquire
                0x1000cd78        0xc c:/program files (x86)/gnu tools arm embedded/9 2019-q4-major/bin/../lib/gcc/arm-none-eabi/9.2.1/../../../../arm-none-eabi/lib/thumb/v7e-m+fp/softfp\libc.a(lib_a-findfp.o)
                0x1000cd78                __sfp_lock_acquire
 .text.__sfp_lock_release
                0x1000cd84        0xc c:/program files (x86)/gnu tools arm embedded/9 2019-q4-major/bin/../lib/gcc/arm-none-eabi/9.2.1/../../../../arm-none-eabi/lib/thumb/v7e-m+fp/softfp\libc.a(lib_a-findfp.o)
                0x1000cd84                __sfp_lock_release
 .text._malloc_trim_r
                0x1000cd90       0xa0 c:/program files (x86)/gnu tools arm embedded/9 2019-q4-major/bin/../lib/gcc/arm-none-eabi/9.2.1/../../../../arm-none-eabi/lib/thumb/v7e-m+fp/softfp\libc.a(lib_a-freer.o)
                0x1000cd90                _malloc_trim_r
 .text._free_r  0x1000ce30      0x208 c:/program files (x86)/gnu tools arm embedded/9 2019-q4-major/bin/../lib/gcc/arm-none-eabi/9.2.1/../../../../arm-none-eabi/lib/thumb/v7e-m+fp/softfp\libc.a(lib_a-freer.o)
                0x1000ce30                _free_r
 .text._fwalk_reent
                0x1000d038       0x48 c:/program files (x86)/gnu tools arm embedded/9 2019-q4-major/bin/../lib/gcc/arm-none-eabi/9.2.1/../../../../arm-none-eabi/lib/thumb/v7e-m+fp/softfp\libc.a(lib_a-fwalk.o)
                0x1000d038                _fwalk_reent
 .text.__libc_init_array
                0x1000d080       0x48 c:/program files (x86)/gnu tools arm embedded/9 2019-q4-major/bin/../lib/gcc/arm-none-eabi/9.2.1/../../../../arm-none-eabi/lib/thumb/v7e-m+fp/softfp\libc.a(lib_a-init.o)
                0x1000d080                __libc_init_array
 .text.__retarget_lock_init_recursive
                0x1000d0c8        0x4 c:/program files (x86)/gnu tools arm embedded/9 2019-q4-major/bin/../lib/gcc/arm-none-eabi/9.2.1/../../../../arm-none-eabi/lib/thumb/v7e-m+fp/softfp\libc.a(lib_a-lock.o)
                0x1000d0c8                __retarget_lock_init_recursive
 .text.__retarget_lock_close_recursive
                0x1000d0cc        0x4 c:/program files (x86)/gnu tools arm embedded/9 2019-q4-major/bin/../lib/gcc/arm-none-eabi/9.2.1/../../../../arm-none-eabi/lib/thumb/v7e-m+fp/softfp\libc.a(lib_a-lock.o)
                0x1000d0cc                __retarget_lock_close_recursive
 .text.__retarget_lock_acquire_recursive
                0x1000d0d0        0x4 c:/program files (x86)/gnu tools arm embedded/9 2019-q4-major/bin/../lib/gcc/arm-none-eabi/9.2.1/../../../../arm-none-eabi/lib/thumb/v7e-m+fp/softfp\libc.a(lib_a-lock.o)
                0x1000d0d0                __retarget_lock_acquire_recursive
 .text.__retarget_lock_release_recursive
                0x1000d0d4        0x4 c:/program files (x86)/gnu tools arm embedded/9 2019-q4-major/bin/../lib/gcc/arm-none-eabi/9.2.1/../../../../arm-none-eabi/lib/thumb/v7e-m+fp/softfp\libc.a(lib_a-lock.o)
                0x1000d0d4                __retarget_lock_release_recursive
 .text._malloc_r
                0x1000d0d8      0x574 c:/program files (x86)/gnu tools arm embedded/9 2019-q4-major/bin/../lib/gcc/arm-none-eabi/9.2.1/../../../../arm-none-eabi/lib/thumb/v7e-m+fp/softfp\libc.a(lib_a-mallocr.o)
                0x1000d0d8                _malloc_r
 .text.memset   0x1000d64c       0xa0 c:/program files (x86)/gnu tools arm embedded/9 2019-q4-major/bin/../lib/gcc/arm-none-eabi/9.2.1/../../../../arm-none-eabi/lib/thumb/v7e-m+fp/softfp\libc.a(lib_a-memset.o)
                0x1000d64c                memset
 .text.__malloc_lock
                0x1000d6ec        0xc c:/program files (x86)/gnu tools arm embedded/9 2019-q4-major/bin/../lib/gcc/arm-none-eabi/9.2.1/../../../../arm-none-eabi/lib/thumb/v7e-m+fp/softfp\libc.a(lib_a-mlock.o)
                0x1000d6ec                __malloc_lock
 .text.__malloc_unlock
                0x1000d6f8        0xc c:/program files (x86)/gnu tools arm embedded/9 2019-q4-major/bin/../lib/gcc/arm-none-eabi/9.2.1/../../../../arm-none-eabi/lib/thumb/v7e-m+fp/softfp\libc.a(lib_a-mlock.o)
                0x1000d6f8                __malloc_unlock
 .text.printf   0x1000d704       0x28 c:/program files (x86)/gnu tools arm embedded/9 2019-q4-major/bin/../lib/gcc/arm-none-eabi/9.2.1/../../../../arm-none-eabi/lib/thumb/v7e-m+fp/softfp\libc.a(lib_a-printf.o)
                0x1000d704                printf
 .text._puts_r  0x1000d72c       0x9c c:/program files (x86)/gnu tools arm embedded/9 2019-q4-major/bin/../lib/gcc/arm-none-eabi/9.2.1/../../../../arm-none-eabi/lib/thumb/v7e-m+fp/softfp\libc.a(lib_a-puts.o)
                0x1000d72c                _puts_r
 .text.puts     0x1000d7c8       0x10 c:/program files (x86)/gnu tools arm embedded/9 2019-q4-major/bin/../lib/gcc/arm-none-eabi/9.2.1/../../../../arm-none-eabi/lib/thumb/v7e-m+fp/softfp\libc.a(lib_a-puts.o)
                0x1000d7c8                puts
 .text._sbrk_r  0x1000d7d8       0x24 c:/program files (x86)/gnu tools arm embedded/9 2019-q4-major/bin/../lib/gcc/arm-none-eabi/9.2.1/../../../../arm-none-eabi/lib/thumb/v7e-m+fp/softfp\libc.a(lib_a-sbrkr.o)
                0x1000d7d8                _sbrk_r
 .text.__sread  0x1000d7fc       0x24 c:/program files (x86)/gnu tools arm embedded/9 2019-q4-major/bin/../lib/gcc/arm-none-eabi/9.2.1/../../../../arm-none-eabi/lib/thumb/v7e-m+fp/softfp\libc.a(lib_a-stdio.o)
                0x1000d7fc                __sread
 .text.__swrite
                0x1000d820       0x40 c:/program files (x86)/gnu tools arm embedded/9 2019-q4-major/bin/../lib/gcc/arm-none-eabi/9.2.1/../../../../arm-none-eabi/lib/thumb/v7e-m+fp/softfp\libc.a(lib_a-stdio.o)
                0x1000d820                __swrite
 .text.__sseek  0x1000d860       0x20 c:/program files (x86)/gnu tools arm embedded/9 2019-q4-major/bin/../lib/gcc/arm-none-eabi/9.2.1/../../../../arm-none-eabi/lib/thumb/v7e-m+fp/softfp\libc.a(lib_a-stdio.o)
                0x1000d860                __sseek
 .text.__sclose
                0x1000d880        0x8 c:/program files (x86)/gnu tools arm embedded/9 2019-q4-major/bin/../lib/gcc/arm-none-eabi/9.2.1/../../../../arm-none-eabi/lib/thumb/v7e-m+fp/softfp\libc.a(lib_a-stdio.o)
                0x1000d880                __sclose
 *fill*         0x1000d888       0x38 
 .text          0x1000d8c0       0xdc c:/program files (x86)/gnu tools arm embedded/9 2019-q4-major/bin/../lib/gcc/arm-none-eabi/9.2.1/../../../../arm-none-eabi/lib/thumb/v7e-m+fp/softfp\libc.a(lib_a-strlen.o)
                0x1000d8c0                strlen
 *fill*         0x1000d99c        0x4 
 .text._vfprintf_r
                0x1000d9a0     0x1bdc c:/program files (x86)/gnu tools arm embedded/9 2019-q4-major/bin/../lib/gcc/arm-none-eabi/9.2.1/../../../../arm-none-eabi/lib/thumb/v7e-m+fp/softfp\libc.a(lib_a-vfprintf.o)
                0x1000d9a0                _vfprintf_r
 .text.__sbprintf
                0x1000f57c       0x84 c:/program files (x86)/gnu tools arm embedded/9 2019-q4-major/bin/../lib/gcc/arm-none-eabi/9.2.1/../../../../arm-none-eabi/lib/thumb/v7e-m+fp/softfp\libc.a(lib_a-vfprintf.o)
 .text._write_r
                0x1000f600       0x2c c:/program files (x86)/gnu tools arm embedded/9 2019-q4-major/bin/../lib/gcc/arm-none-eabi/9.2.1/../../../../arm-none-eabi/lib/thumb/v7e-m+fp/softfp\libc.a(lib_a-writer.o)
                0x1000f600                _write_r
 .text.__swsetup_r
                0x1000f62c       0xd0 c:/program files (x86)/gnu tools arm embedded/9 2019-q4-major/bin/../lib/gcc/arm-none-eabi/9.2.1/../../../../arm-none-eabi/lib/thumb/v7e-m+fp/softfp\libc.a(lib_a-wsetup.o)
                0x1000f62c                __swsetup_r
 .text.startup.register_fini
                0x1000f6fc       0x14 c:/program files (x86)/gnu tools arm embedded/9 2019-q4-major/bin/../lib/gcc/arm-none-eabi/9.2.1/../../../../arm-none-eabi/lib/thumb/v7e-m+fp/softfp\libc.a(lib_a-__call_atexit.o)
 .text.atexit   0x1000f710        0xc c:/program files (x86)/gnu tools arm embedded/9 2019-q4-major/bin/../lib/gcc/arm-none-eabi/9.2.1/../../../../arm-none-eabi/lib/thumb/v7e-m+fp/softfp\libc.a(lib_a-atexit.o)
                0x1000f710                atexit
 .text._close_r
                0x1000f71c       0x24 c:/program files (x86)/gnu tools arm embedded/9 2019-q4-major/bin/../lib/gcc/arm-none-eabi/9.2.1/../../../../arm-none-eabi/lib/thumb/v7e-m+fp/softfp\libc.a(lib_a-closer.o)
                0x1000f71c                _close_r
 .text.quorem   0x1000f740      0x11c c:/program files (x86)/gnu tools arm embedded/9 2019-q4-major/bin/../lib/gcc/arm-none-eabi/9.2.1/../../../../arm-none-eabi/lib/thumb/v7e-m+fp/softfp\libc.a(lib_a-dtoa.o)
 *fill*         0x1000f85c        0x4 
 .text._dtoa_r  0x1000f860      0xeec c:/program files (x86)/gnu tools arm embedded/9 2019-q4-major/bin/../lib/gcc/arm-none-eabi/9.2.1/../../../../arm-none-eabi/lib/thumb/v7e-m+fp/softfp\libc.a(lib_a-dtoa.o)
                0x1000f860                _dtoa_r
 .text._fclose_r
                0x1001074c       0xcc c:/program files (x86)/gnu tools arm embedded/9 2019-q4-major/bin/../lib/gcc/arm-none-eabi/9.2.1/../../../../arm-none-eabi/lib/thumb/v7e-m+fp/softfp\libc.a(lib_a-fclose.o)
                0x1001074c                _fclose_r
 .text.__libc_fini_array
                0x10010818       0x2c c:/program files (x86)/gnu tools arm embedded/9 2019-q4-major/bin/../lib/gcc/arm-none-eabi/9.2.1/../../../../arm-none-eabi/lib/thumb/v7e-m+fp/softfp\libc.a(lib_a-fini.o)
                0x10010818                __libc_fini_array
 .text.__sfvwrite_r
                0x10010844      0x2e0 c:/program files (x86)/gnu tools arm embedded/9 2019-q4-major/bin/../lib/gcc/arm-none-eabi/9.2.1/../../../../arm-none-eabi/lib/thumb/v7e-m+fp/softfp\libc.a(lib_a-fvwrite.o)
                0x10010844                __sfvwrite_r
 .text.__locale_mb_cur_max
                0x10010b24        0xc c:/program files (x86)/gnu tools arm embedded/9 2019-q4-major/bin/../lib/gcc/arm-none-eabi/9.2.1/../../../../arm-none-eabi/lib/thumb/v7e-m+fp/softfp\libc.a(lib_a-locale.o)
                0x10010b24                __locale_mb_cur_max
 .text._localeconv_r
                0x10010b30        0x8 c:/program files (x86)/gnu tools arm embedded/9 2019-q4-major/bin/../lib/gcc/arm-none-eabi/9.2.1/../../../../arm-none-eabi/lib/thumb/v7e-m+fp/softfp\libc.a(lib_a-localeconv.o)
                0x10010b30                _localeconv_r
 .text._lseek_r
                0x10010b38       0x2c c:/program files (x86)/gnu tools arm embedded/9 2019-q4-major/bin/../lib/gcc/arm-none-eabi/9.2.1/../../../../arm-none-eabi/lib/thumb/v7e-m+fp/softfp\libc.a(lib_a-lseekr.o)
                0x10010b38                _lseek_r
 .text.__swhatbuf_r
                0x10010b64       0x5c c:/program files (x86)/gnu tools arm embedded/9 2019-q4-major/bin/../lib/gcc/arm-none-eabi/9.2.1/../../../../arm-none-eabi/lib/thumb/v7e-m+fp/softfp\libc.a(lib_a-makebuf.o)
                0x10010b64                __swhatbuf_r
 .text.__smakebuf_r
                0x10010bc0       0x98 c:/program files (x86)/gnu tools arm embedded/9 2019-q4-major/bin/../lib/gcc/arm-none-eabi/9.2.1/../../../../arm-none-eabi/lib/thumb/v7e-m+fp/softfp\libc.a(lib_a-makebuf.o)
                0x10010bc0                __smakebuf_r
 .text.__ascii_mbtowc
                0x10010c58       0x2c c:/program files (x86)/gnu tools arm embedded/9 2019-q4-major/bin/../lib/gcc/arm-none-eabi/9.2.1/../../../../arm-none-eabi/lib/thumb/v7e-m+fp/softfp\libc.a(lib_a-mbtowc_r.o)
                0x10010c58                __ascii_mbtowc
 *fill*         0x10010c84        0xc 
 .text          0x10010c90       0xa0 c:/program files (x86)/gnu tools arm embedded/9 2019-q4-major/bin/../lib/gcc/arm-none-eabi/9.2.1/../../../../arm-none-eabi/lib/thumb/v7e-m+fp/softfp\libc.a(lib_a-memchr.o)
                0x10010c90                memchr
 .text          0x10010d30      0x134 c:/program files (x86)/gnu tools arm embedded/9 2019-q4-major/bin/../lib/gcc/arm-none-eabi/9.2.1/../../../../arm-none-eabi/lib/thumb/v7e-m+fp/softfp\libc.a(lib_a-memcpy.o)
                0x10010d30                memcpy
 .text.memmove  0x10010e64       0xd8 c:/program files (x86)/gnu tools arm embedded/9 2019-q4-major/bin/../lib/gcc/arm-none-eabi/9.2.1/../../../../arm-none-eabi/lib/thumb/v7e-m+fp/softfp\libc.a(lib_a-memmove.o)
                0x10010e64                memmove
 .text._Balloc  0x10010f3c       0x4c c:/program files (x86)/gnu tools arm embedded/9 2019-q4-major/bin/../lib/gcc/arm-none-eabi/9.2.1/../../../../arm-none-eabi/lib/thumb/v7e-m+fp/softfp\libc.a(lib_a-mprec.o)
                0x10010f3c                _Balloc
 .text._Bfree   0x10010f88       0x14 c:/program files (x86)/gnu tools arm embedded/9 2019-q4-major/bin/../lib/gcc/arm-none-eabi/9.2.1/../../../../arm-none-eabi/lib/thumb/v7e-m+fp/softfp\libc.a(lib_a-mprec.o)
                0x10010f88                _Bfree
 .text.__multadd
                0x10010f9c       0x8c c:/program files (x86)/gnu tools arm embedded/9 2019-q4-major/bin/../lib/gcc/arm-none-eabi/9.2.1/../../../../arm-none-eabi/lib/thumb/v7e-m+fp/softfp\libc.a(lib_a-mprec.o)
                0x10010f9c                __multadd
 .text.__hi0bits
                0x10011028       0x40 c:/program files (x86)/gnu tools arm embedded/9 2019-q4-major/bin/../lib/gcc/arm-none-eabi/9.2.1/../../../../arm-none-eabi/lib/thumb/v7e-m+fp/softfp\libc.a(lib_a-mprec.o)
                0x10011028                __hi0bits
 .text.__lo0bits
                0x10011068       0x60 c:/program files (x86)/gnu tools arm embedded/9 2019-q4-major/bin/../lib/gcc/arm-none-eabi/9.2.1/../../../../arm-none-eabi/lib/thumb/v7e-m+fp/softfp\libc.a(lib_a-mprec.o)
                0x10011068                __lo0bits
 .text.__i2b    0x100110c8       0x14 c:/program files (x86)/gnu tools arm embedded/9 2019-q4-major/bin/../lib/gcc/arm-none-eabi/9.2.1/../../../../arm-none-eabi/lib/thumb/v7e-m+fp/softfp\libc.a(lib_a-mprec.o)
                0x100110c8                __i2b
 .text.__multiply
                0x100110dc      0x144 c:/program files (x86)/gnu tools arm embedded/9 2019-q4-major/bin/../lib/gcc/arm-none-eabi/9.2.1/../../../../arm-none-eabi/lib/thumb/v7e-m+fp/softfp\libc.a(lib_a-mprec.o)
                0x100110dc                __multiply
 .text.__pow5mult
                0x10011220       0xa0 c:/program files (x86)/gnu tools arm embedded/9 2019-q4-major/bin/../lib/gcc/arm-none-eabi/9.2.1/../../../../arm-none-eabi/lib/thumb/v7e-m+fp/softfp\libc.a(lib_a-mprec.o)
                0x10011220                __pow5mult
 .text.__lshift
                0x100112c0       0xd4 c:/program files (x86)/gnu tools arm embedded/9 2019-q4-major/bin/../lib/gcc/arm-none-eabi/9.2.1/../../../../arm-none-eabi/lib/thumb/v7e-m+fp/softfp\libc.a(lib_a-mprec.o)
                0x100112c0                __lshift
 .text.__mcmp   0x10011394       0x3c c:/program files (x86)/gnu tools arm embedded/9 2019-q4-major/bin/../lib/gcc/arm-none-eabi/9.2.1/../../../../arm-none-eabi/lib/thumb/v7e-m+fp/softfp\libc.a(lib_a-mprec.o)
                0x10011394                __mcmp
 .text.__mdiff  0x100113d0      0x138 c:/program files (x86)/gnu tools arm embedded/9 2019-q4-major/bin/../lib/gcc/arm-none-eabi/9.2.1/../../../../arm-none-eabi/lib/thumb/v7e-m+fp/softfp\libc.a(lib_a-mprec.o)
                0x100113d0                __mdiff
 .text.__d2b    0x10011508       0xbc c:/program files (x86)/gnu tools arm embedded/9 2019-q4-major/bin/../lib/gcc/arm-none-eabi/9.2.1/../../../../arm-none-eabi/lib/thumb/v7e-m+fp/softfp\libc.a(lib_a-mprec.o)
                0x10011508                __d2b
 .text._read_r  0x100115c4       0x2c c:/program files (x86)/gnu tools arm embedded/9 2019-q4-major/bin/../lib/gcc/arm-none-eabi/9.2.1/../../../../arm-none-eabi/lib/thumb/v7e-m+fp/softfp\libc.a(lib_a-readr.o)
                0x100115c4                _read_r
 .text._realloc_r
                0x100115f0      0x3e0 c:/program files (x86)/gnu tools arm embedded/9 2019-q4-major/bin/../lib/gcc/arm-none-eabi/9.2.1/../../../../arm-none-eabi/lib/thumb/v7e-m+fp/softfp\libc.a(lib_a-reallocr.o)
                0x100115f0                _realloc_r
 .text.frexp    0x100119d0       0x70 c:/program files (x86)/gnu tools arm embedded/9 2019-q4-major/bin/../lib/gcc/arm-none-eabi/9.2.1/../../../../arm-none-eabi/lib/thumb/v7e-m+fp/softfp\libc.a(lib_a-s_frexp.o)
                0x100119d0                frexp
 .text.strncpy  0x10011a40       0x68 c:/program files (x86)/gnu tools arm embedded/9 2019-q4-major/bin/../lib/gcc/arm-none-eabi/9.2.1/../../../../arm-none-eabi/lib/thumb/v7e-m+fp/softfp\libc.a(lib_a-strncpy.o)
                0x10011a40                strncpy
 .text.__sprint_r.part.0
                0x10011aa8       0x78 c:/program files (x86)/gnu tools arm embedded/9 2019-q4-major/bin/../lib/gcc/arm-none-eabi/9.2.1/../../../../arm-none-eabi/lib/thumb/v7e-m+fp/softfp\libc.a(lib_a-vfiprintf.o)
 .text.__sprint_r
                0x10011b20       0x18 c:/program files (x86)/gnu tools arm embedded/9 2019-q4-major/bin/../lib/gcc/arm-none-eabi/9.2.1/../../../../arm-none-eabi/lib/thumb/v7e-m+fp/softfp\libc.a(lib_a-vfiprintf.o)
                0x10011b20                __sprint_r
 .text.__swbuf_r
                0x10011b38       0xb0 c:/program files (x86)/gnu tools arm embedded/9 2019-q4-major/bin/../lib/gcc/arm-none-eabi/9.2.1/../../../../arm-none-eabi/lib/thumb/v7e-m+fp/softfp\libc.a(lib_a-wbuf.o)
                0x10011b38                __swbuf_r
 .text.__ascii_wctomb
                0x10011be8       0x1c c:/program files (x86)/gnu tools arm embedded/9 2019-q4-major/bin/../lib/gcc/arm-none-eabi/9.2.1/../../../../arm-none-eabi/lib/thumb/v7e-m+fp/softfp\libc.a(lib_a-wctomb_r.o)
                0x10011be8                __ascii_wctomb
 .text.__register_exitproc
                0x10011c04       0x8c c:/program files (x86)/gnu tools arm embedded/9 2019-q4-major/bin/../lib/gcc/arm-none-eabi/9.2.1/../../../../arm-none-eabi/lib/thumb/v7e-m+fp/softfp\libc.a(lib_a-__atexit.o)
                0x10011c04                __register_exitproc
 .text._calloc_r
                0x10011c90       0x60 c:/program files (x86)/gnu tools arm embedded/9 2019-q4-major/bin/../lib/gcc/arm-none-eabi/9.2.1/../../../../arm-none-eabi/lib/thumb/v7e-m+fp/softfp\libc.a(lib_a-callocr.o)
                0x10011c90                _calloc_r
 .text.__fputwc
                0x10011cf0       0xa8 c:/program files (x86)/gnu tools arm embedded/9 2019-q4-major/bin/../lib/gcc/arm-none-eabi/9.2.1/../../../../arm-none-eabi/lib/thumb/v7e-m+fp/softfp\libc.a(lib_a-fputwc.o)
                0x10011cf0                __fputwc
 .text._fputwc_r
                0x10011d98       0x68 c:/program files (x86)/gnu tools arm embedded/9 2019-q4-major/bin/../lib/gcc/arm-none-eabi/9.2.1/../../../../arm-none-eabi/lib/thumb/v7e-m+fp/softfp\libc.a(lib_a-fputwc.o)
                0x10011d98                _fputwc_r
 .text._fstat_r
                0x10011e00       0x2c c:/program files (x86)/gnu tools arm embedded/9 2019-q4-major/bin/../lib/gcc/arm-none-eabi/9.2.1/../../../../arm-none-eabi/lib/thumb/v7e-m+fp/softfp\libc.a(lib_a-fstatr.o)
                0x10011e00                _fstat_r
 .text._isatty_r
                0x10011e2c       0x24 c:/program files (x86)/gnu tools arm embedded/9 2019-q4-major/bin/../lib/gcc/arm-none-eabi/9.2.1/../../../../arm-none-eabi/lib/thumb/v7e-m+fp/softfp\libc.a(lib_a-isattyr.o)
                0x10011e2c                _isatty_r
 .text._wcrtomb_r
                0x10011e50       0x3c c:/program files (x86)/gnu tools arm embedded/9 2019-q4-major/bin/../lib/gcc/arm-none-eabi/9.2.1/../../../../arm-none-eabi/lib/thumb/v7e-m+fp/softfp\libc.a(lib_a-wcrtomb.o)
                0x10011e50                _wcrtomb_r
 .text          0x10011e8c      0x378 c:/program files (x86)/gnu tools arm embedded/9 2019-q4-major/bin/../lib/gcc/arm-none-eabi/9.2.1/thumb/v7e-m+fp/softfp\libgcc.a(_arm_addsubdf3.o)
                0x10011e8c                __aeabi_drsub
                0x10011e94                __aeabi_dsub
                0x10011e94                __subdf3
                0x10011e98                __aeabi_dadd
                0x10011e98                __adddf3
                0x10012110                __floatunsidf
                0x10012110                __aeabi_ui2d
                0x10012130                __floatsidf
                0x10012130                __aeabi_i2d
                0x10012154                __aeabi_f2d
                0x10012154                __extendsfdf2
                0x10012198                __floatundidf
                0x10012198                __aeabi_ul2d
                0x100121a8                __floatdidf
                0x100121a8                __aeabi_l2d
 .text          0x10012204      0x424 c:/program files (x86)/gnu tools arm embedded/9 2019-q4-major/bin/../lib/gcc/arm-none-eabi/9.2.1/thumb/v7e-m+fp/softfp\libgcc.a(_arm_muldivdf3.o)
                0x10012204                __aeabi_dmul
                0x10012204                __muldf3
                0x10012458                __divdf3
                0x10012458                __aeabi_ddiv
 .text          0x10012628      0x110 c:/program files (x86)/gnu tools arm embedded/9 2019-q4-major/bin/../lib/gcc/arm-none-eabi/9.2.1/thumb/v7e-m+fp/softfp\libgcc.a(_arm_cmpdf2.o)
                0x10012628                __gtdf2
                0x10012628                __gedf2
                0x10012630                __ltdf2
                0x10012630                __ledf2
                0x10012638                __nedf2
                0x10012638                __eqdf2
                0x10012638                __cmpdf2
                0x100126b4                __aeabi_cdrcmple
                0x100126c4                __aeabi_cdcmpeq
                0x100126c4                __aeabi_cdcmple
                0x100126d4                __aeabi_dcmpeq
                0x100126e8                __aeabi_dcmplt
                0x100126fc                __aeabi_dcmple
                0x10012710                __aeabi_dcmpge
                0x10012724                __aeabi_dcmpgt
 .text          0x10012738       0x2c c:/program files (x86)/gnu tools arm embedded/9 2019-q4-major/bin/../lib/gcc/arm-none-eabi/9.2.1/thumb/v7e-m+fp/softfp\libgcc.a(_arm_unorddf2.o)
                0x10012738                __unorddf2
                0x10012738                __aeabi_dcmpun
 .text          0x10012764       0x50 c:/program files (x86)/gnu tools arm embedded/9 2019-q4-major/bin/../lib/gcc/arm-none-eabi/9.2.1/thumb/v7e-m+fp/softfp\libgcc.a(_arm_fixdfsi.o)
                0x10012764                __aeabi_d2iz
                0x10012764                __fixdfsi
 .text          0x100127b4       0x30 c:/program files (x86)/gnu tools arm embedded/9 2019-q4-major/bin/../lib/gcc/arm-none-eabi/9.2.1/thumb/v7e-m+fp/softfp\libgcc.a(_aeabi_uldivmod.o)
                0x100127b4                __aeabi_uldivmod
 .text          0x100127e4      0x2c4 c:/program files (x86)/gnu tools arm embedded/9 2019-q4-major/bin/../lib/gcc/arm-none-eabi/9.2.1/thumb/v7e-m+fp/softfp\libgcc.a(_udivmoddi4.o)
                0x100127e4                __udivmoddi4
 .text          0x10012aa8        0x4 c:/program files (x86)/gnu tools arm embedded/9 2019-q4-major/bin/../lib/gcc/arm-none-eabi/9.2.1/thumb/v7e-m+fp/softfp\libgcc.a(_dvmd_tls.o)
                0x10012aa8                __aeabi_idiv0
                0x10012aa8                __aeabi_ldiv0
 *(.rodata*)
 .rodata.main.str1.1
                0x10012aac       0xa4 c:/Users/chill/workspace/loop_rx_tx/build/main.o
 .rodata.CSWTCH.9
                0x10012b50       0x36 c:/Users/chill/workspace/loop_rx_tx/build/main.o
 .rodata.mxc_assert.str1.1
                0x10012b86       0x19 c:/Users/chill/workspace/loop_rx_tx/build/board.o
 .rodata.Board_Init.str1.1
                0x10012b9f       0x4e c:/Users/chill/workspace/loop_rx_tx/build/board.o
 *fill*         0x10012bed        0x3 
 .rodata.led_pin
                0x10012bf0       0x18 c:/Users/chill/workspace/loop_rx_tx/build/board.o
                0x10012bf0                led_pin
 .rodata.num_leds
                0x10012c08        0x4 c:/Users/chill/workspace/loop_rx_tx/build/board.o
                0x10012c08                num_leds
 .rodata.uart_cfg
                0x10012c0c        0xc c:/Users/chill/workspace/loop_rx_tx/build/board.o
 .rodata.uart_sys_cfg
                0x10012c18        0x2 c:/Users/chill/workspace/loop_rx_tx/build/board.o
                0x10012c18                uart_sys_cfg
 .rodata.LED_On.str1.1
                0x10012c1a       0x59 c:/Users/chill/workspace/loop_rx_tx/build/led.o
 *fill*         0x10012c73        0x1 
 .rodata.gpio_cfg_uart0
                0x10012c74        0xc c:/Users/chill/workspace/loop_rx_tx/build/PeriphDriver/PeriphDriver.a(mxc_pins.o)
                0x10012c74                gpio_cfg_uart0
 .rodata.gpio_cfg_uart0_flow
                0x10012c80        0xc c:/Users/chill/workspace/loop_rx_tx/build/PeriphDriver/PeriphDriver.a(mxc_pins.o)
                0x10012c80                gpio_cfg_uart0_flow
 .rodata._global_impure_ptr
                0x10012c8c        0x4 c:/program files (x86)/gnu tools arm embedded/9 2019-q4-major/bin/../lib/gcc/arm-none-eabi/9.2.1/../../../../arm-none-eabi/lib/thumb/v7e-m+fp/softfp\libc.a(lib_a-impure.o)
                0x10012c8c                _global_impure_ptr
 .rodata._puts_r.str1.4
                0x10012c90        0x2 c:/program files (x86)/gnu tools arm embedded/9 2019-q4-major/bin/../lib/gcc/arm-none-eabi/9.2.1/../../../../arm-none-eabi/lib/thumb/v7e-m+fp/softfp\libc.a(lib_a-puts.o)
 *fill*         0x10012c92        0x2 
 .rodata._vfprintf_r.str1.4
                0x10012c94       0x42 c:/program files (x86)/gnu tools arm embedded/9 2019-q4-major/bin/../lib/gcc/arm-none-eabi/9.2.1/../../../../arm-none-eabi/lib/thumb/v7e-m+fp/softfp\libc.a(lib_a-vfprintf.o)
 *fill*         0x10012cd6        0x2 
 .rodata.blanks.8723
                0x10012cd8       0x10 c:/program files (x86)/gnu tools arm embedded/9 2019-q4-major/bin/../lib/gcc/arm-none-eabi/9.2.1/../../../../arm-none-eabi/lib/thumb/v7e-m+fp/softfp\libc.a(lib_a-vfprintf.o)
 .rodata.zeroes.8724
                0x10012ce8       0x10 c:/program files (x86)/gnu tools arm embedded/9 2019-q4-major/bin/../lib/gcc/arm-none-eabi/9.2.1/../../../../arm-none-eabi/lib/thumb/v7e-m+fp/softfp\libc.a(lib_a-vfprintf.o)
 .rodata._ctype_
                0x10012cf8      0x101 c:/program files (x86)/gnu tools arm embedded/9 2019-q4-major/bin/../lib/gcc/arm-none-eabi/9.2.1/../../../../arm-none-eabi/lib/thumb/v7e-m+fp/softfp\libc.a(lib_a-ctype_.o)
                0x10012cf8                _ctype_
 *fill*         0x10012df9        0x3 
 .rodata._dtoa_r.str1.4
                0x10012dfc        0xd c:/program files (x86)/gnu tools arm embedded/9 2019-q4-major/bin/../lib/gcc/arm-none-eabi/9.2.1/../../../../arm-none-eabi/lib/thumb/v7e-m+fp/softfp\libc.a(lib_a-dtoa.o)
                                 0x12 (size before relaxing)
 *fill*         0x10012e09        0x3 
 .rodata._setlocale_r.str1.4
                0x10012e0c        0xa c:/program files (x86)/gnu tools arm embedded/9 2019-q4-major/bin/../lib/gcc/arm-none-eabi/9.2.1/../../../../arm-none-eabi/lib/thumb/v7e-m+fp/softfp\libc.a(lib_a-locale.o)
                                  0xd (size before relaxing)
 *fill*         0x10012e16        0x2 
 .rodata.str1.4
                0x10012e18        0x2 c:/program files (x86)/gnu tools arm embedded/9 2019-q4-major/bin/../lib/gcc/arm-none-eabi/9.2.1/../../../../arm-none-eabi/lib/thumb/v7e-m+fp/softfp\libc.a(lib_a-locale.o)
 *fill*         0x10012e1a        0x6 
 .rodata.__mprec_bigtens
                0x10012e20       0x28 c:/program files (x86)/gnu tools arm embedded/9 2019-q4-major/bin/../lib/gcc/arm-none-eabi/9.2.1/../../../../arm-none-eabi/lib/thumb/v7e-m+fp/softfp\libc.a(lib_a-mprec.o)
                0x10012e20                __mprec_bigtens
 .rodata.__mprec_tens
                0x10012e48       0xc8 c:/program files (x86)/gnu tools arm embedded/9 2019-q4-major/bin/../lib/gcc/arm-none-eabi/9.2.1/../../../../arm-none-eabi/lib/thumb/v7e-m+fp/softfp\libc.a(lib_a-mprec.o)
                0x10012e48                __mprec_tens
 .rodata.p05.7478
                0x10012f10        0xc c:/program files (x86)/gnu tools arm embedded/9 2019-q4-major/bin/../lib/gcc/arm-none-eabi/9.2.1/../../../../arm-none-eabi/lib/thumb/v7e-m+fp/softfp\libc.a(lib_a-mprec.o)
 *(.init)
 .init          0x10012f1c        0x4 c:/program files (x86)/gnu tools arm embedded/9 2019-q4-major/bin/../lib/gcc/arm-none-eabi/9.2.1/thumb/v7e-m+fp/softfp/crti.o
                0x10012f1c                _init
 .init          0x10012f20        0x8 c:/program files (x86)/gnu tools arm embedded/9 2019-q4-major/bin/../lib/gcc/arm-none-eabi/9.2.1/thumb/v7e-m+fp/softfp/crtn.o
 *(.fini)
 .fini          0x10012f28        0x4 c:/program files (x86)/gnu tools arm embedded/9 2019-q4-major/bin/../lib/gcc/arm-none-eabi/9.2.1/thumb/v7e-m+fp/softfp/crti.o
                0x10012f28                _fini
 .fini          0x10012f2c        0x8 c:/program files (x86)/gnu tools arm embedded/9 2019-q4-major/bin/../lib/gcc/arm-none-eabi/9.2.1/thumb/v7e-m+fp/softfp/crtn.o
 *(.eh_frame*)
 .eh_frame      0x10012f34        0x0 c:/program files (x86)/gnu tools arm embedded/9 2019-q4-major/bin/../lib/gcc/arm-none-eabi/9.2.1/thumb/v7e-m+fp/softfp/crtbegin.o
 .eh_frame      0x10012f34        0x4 c:/program files (x86)/gnu tools arm embedded/9 2019-q4-major/bin/../lib/gcc/arm-none-eabi/9.2.1/thumb/v7e-m+fp/softfp/crtend.o
                0x10012f38                _etext = .

.glue_7         0x10012f38        0x0
 .glue_7        0x10012f38        0x0 linker stubs

.glue_7t        0x10012f38        0x0
 .glue_7t       0x10012f38        0x0 linker stubs

.vfp11_veneer   0x10012f38        0x0
 .vfp11_veneer  0x10012f38        0x0 linker stubs

.v4_bx          0x10012f38        0x0
 .v4_bx         0x10012f38        0x0 linker stubs

.iplt           0x10012f38        0x0
 .iplt          0x10012f38        0x0 c:/program files (x86)/gnu tools arm embedded/9 2019-q4-major/bin/../lib/gcc/arm-none-eabi/9.2.1/thumb/v7e-m+fp/softfp/crtbegin.o

.ARM.exidx      0x10012f38        0x8
                0x10012f38                __exidx_start = .
 *(.ARM.exidx*)
 .ARM.exidx     0x10012f38        0x8 c:/program files (x86)/gnu tools arm embedded/9 2019-q4-major/bin/../lib/gcc/arm-none-eabi/9.2.1/thumb/v7e-m+fp/softfp\libgcc.a(_udivmoddi4.o)
                0x10012f40                __exidx_end = .

.rel.dyn        0x10012f40        0x0
 .rel.iplt      0x10012f40        0x0 c:/program files (x86)/gnu tools arm embedded/9 2019-q4-major/bin/../lib/gcc/arm-none-eabi/9.2.1/thumb/v7e-m+fp/softfp/crtbegin.o

.data           0x20000000      0x9c4 load address 0x10012f40
                0x20000000                _data = ALIGN (., 0x4)
 *(.data*)
 .data.ConsoleUart
                0x20000000        0x4 c:/Users/chill/workspace/loop_rx_tx/build/board.o
                0x20000000                ConsoleUart
 .data.SystemCoreClock
                0x20000004        0x4 c:/Users/chill/workspace/loop_rx_tx/build/system_max32520.o
                0x20000004                SystemCoreClock
 .data.overflows
                0x20000008        0x4 c:/Users/chill/workspace/loop_rx_tx/build/PeriphDriver/PeriphDriver.a(mxc_delay.o)
 .data._impure_ptr
                0x2000000c        0x4 c:/program files (x86)/gnu tools arm embedded/9 2019-q4-major/bin/../lib/gcc/arm-none-eabi/9.2.1/../../../../arm-none-eabi/lib/thumb/v7e-m+fp/softfp\libc.a(lib_a-impure.o)
                0x2000000c                _impure_ptr
 .data.impure_data
                0x20000010      0x428 c:/program files (x86)/gnu tools arm embedded/9 2019-q4-major/bin/../lib/gcc/arm-none-eabi/9.2.1/../../../../arm-none-eabi/lib/thumb/v7e-m+fp/softfp\libc.a(lib_a-impure.o)
 .data.__malloc_av_
                0x20000438      0x408 c:/program files (x86)/gnu tools arm embedded/9 2019-q4-major/bin/../lib/gcc/arm-none-eabi/9.2.1/../../../../arm-none-eabi/lib/thumb/v7e-m+fp/softfp\libc.a(lib_a-mallocr.o)
                0x20000438                __malloc_av_
 .data.__malloc_sbrk_base
                0x20000840        0x4 c:/program files (x86)/gnu tools arm embedded/9 2019-q4-major/bin/../lib/gcc/arm-none-eabi/9.2.1/../../../../arm-none-eabi/lib/thumb/v7e-m+fp/softfp\libc.a(lib_a-mallocr.o)
                0x20000840                __malloc_sbrk_base
 .data.__malloc_trim_threshold
                0x20000844        0x4 c:/program files (x86)/gnu tools arm embedded/9 2019-q4-major/bin/../lib/gcc/arm-none-eabi/9.2.1/../../../../arm-none-eabi/lib/thumb/v7e-m+fp/softfp\libc.a(lib_a-mallocr.o)
                0x20000844                __malloc_trim_threshold
 .data.__atexit_recursive_mutex
                0x20000848        0x4 c:/program files (x86)/gnu tools arm embedded/9 2019-q4-major/bin/../lib/gcc/arm-none-eabi/9.2.1/../../../../arm-none-eabi/lib/thumb/v7e-m+fp/softfp\libc.a(lib_a-__call_atexit.o)
                0x20000848                __atexit_recursive_mutex
 .data.__global_locale
                0x2000084c      0x16c c:/program files (x86)/gnu tools arm embedded/9 2019-q4-major/bin/../lib/gcc/arm-none-eabi/9.2.1/../../../../arm-none-eabi/lib/thumb/v7e-m+fp/softfp\libc.a(lib_a-locale.o)
                0x2000084c                __global_locale
 *(.spix_config*)
 *(.flashprog*)
                0x200009b8                . = ALIGN (0x4)
                0x200009b8                PROVIDE (__preinit_array_start = .)
 *(.preinit_array)
                0x200009b8                PROVIDE (__preinit_array_end = .)
                0x200009b8                . = ALIGN (0x4)
                0x200009b8                PROVIDE (__init_array_start = .)
 *(SORT_BY_NAME(.init_array.*))
 .init_array.00000
                0x200009b8        0x4 c:/program files (x86)/gnu tools arm embedded/9 2019-q4-major/bin/../lib/gcc/arm-none-eabi/9.2.1/../../../../arm-none-eabi/lib/thumb/v7e-m+fp/softfp\libc.a(lib_a-__call_atexit.o)
 *(.init_array)
 .init_array    0x200009bc        0x4 c:/program files (x86)/gnu tools arm embedded/9 2019-q4-major/bin/../lib/gcc/arm-none-eabi/9.2.1/thumb/v7e-m+fp/softfp/crtbegin.o
                0x200009c0                PROVIDE (__init_array_end = .)
                0x200009c0                . = ALIGN (0x4)
                0x200009c0                PROVIDE (__fini_array_start = .)
 *(SORT_BY_NAME(.fini_array.*))
 *(.fini_array)
 .fini_array    0x200009c0        0x4 c:/program files (x86)/gnu tools arm embedded/9 2019-q4-major/bin/../lib/gcc/arm-none-eabi/9.2.1/thumb/v7e-m+fp/softfp/crtbegin.o
                0x200009c4                PROVIDE (__fini_array_end = .)
                0x200009c4                _edata = ALIGN (., 0x4)
                0x10012f40                __load_data = LOADADDR (.data)
                0x10013904                _enddata = (LOADADDR (.data) + SIZEOF (.data))

.igot.plt       0x200009c4        0x0 load address 0x10013904
 .igot.plt      0x200009c4        0x0 c:/program files (x86)/gnu tools arm embedded/9 2019-q4-major/bin/../lib/gcc/arm-none-eabi/9.2.1/thumb/v7e-m+fp/softfp/crtbegin.o

.sb_sla_trailer
                0x10013904        0xc
 *(.sb_sla_trailer)
 FILL mask 0xdeadc0de
                0x10013904        0x4 LONG 0xdeadc0de
                0x10013910                . = ALIGN (0x10)
 *fill*         0x10013908        0x8 deadc0de
                0x10013910                _endimage = (LOADADDR (.sb_sla_trailer) + SIZEOF (.sb_sla_trailer))

.sig            0x10013910        0x4
 *(.sig)
                0x10013910        0x4 LONG 0xdeadbeef

.bss            0x200009c4      0x498
                0x200009c4                . = ALIGN (0x4)
                0x200009c4                _bss = .
 *(.bss*)
 .bss           0x200009c4       0x1c c:/program files (x86)/gnu tools arm embedded/9 2019-q4-major/bin/../lib/gcc/arm-none-eabi/9.2.1/thumb/v7e-m+fp/softfp/crtbegin.o
 .bss.heap_end  0x200009e0        0x4 c:/Users/chill/workspace/loop_rx_tx/build/heap.o
 .bss.ctrl_save
                0x200009e4        0x4 c:/Users/chill/workspace/loop_rx_tx/build/PeriphDriver/PeriphDriver.a(mxc_delay.o)
 .bss.endtick   0x200009e8        0x4 c:/Users/chill/workspace/loop_rx_tx/build/PeriphDriver/PeriphDriver.a(mxc_delay.o)
 .bss.rx_states
                0x200009ec        0x4 c:/Users/chill/workspace/loop_rx_tx/build/PeriphDriver/PeriphDriver.a(uart.o)
 .bss.tx_states
                0x200009f0        0x4 c:/Users/chill/workspace/loop_rx_tx/build/PeriphDriver/PeriphDriver.a(uart.o)
 .bss.__malloc_current_mallinfo
                0x200009f4       0x28 c:/program files (x86)/gnu tools arm embedded/9 2019-q4-major/bin/../lib/gcc/arm-none-eabi/9.2.1/../../../../arm-none-eabi/lib/thumb/v7e-m+fp/softfp\libc.a(lib_a-mallocr.o)
                0x200009f4                __malloc_current_mallinfo
 .bss.__malloc_max_sbrked_mem
                0x20000a1c        0x4 c:/program files (x86)/gnu tools arm embedded/9 2019-q4-major/bin/../lib/gcc/arm-none-eabi/9.2.1/../../../../arm-none-eabi/lib/thumb/v7e-m+fp/softfp\libc.a(lib_a-mallocr.o)
                0x20000a1c                __malloc_max_sbrked_mem
 .bss.__malloc_max_total_mem
                0x20000a20        0x4 c:/program files (x86)/gnu tools arm embedded/9 2019-q4-major/bin/../lib/gcc/arm-none-eabi/9.2.1/../../../../arm-none-eabi/lib/thumb/v7e-m+fp/softfp\libc.a(lib_a-mallocr.o)
                0x20000a20                __malloc_max_total_mem
 .bss.__malloc_top_pad
                0x20000a24        0x4 c:/program files (x86)/gnu tools arm embedded/9 2019-q4-major/bin/../lib/gcc/arm-none-eabi/9.2.1/../../../../arm-none-eabi/lib/thumb/v7e-m+fp/softfp\libc.a(lib_a-mallocr.o)
                0x20000a24                __malloc_top_pad
 *(COMMON)
 COMMON         0x20000a28      0x40c c:/Users/chill/workspace/loop_rx_tx/build/main.o
                0x20000a28                write_flag
                0x20000a2c                read_flag
                0x20000a30                result
                0x20000c30                LEIDO
                0x20000c34                UART_IN
 COMMON         0x20000e34       0x21 c:/program files (x86)/gnu tools arm embedded/9 2019-q4-major/bin/../lib/gcc/arm-none-eabi/9.2.1/../../../../arm-none-eabi/lib/thumb/v7e-m+fp/softfp\libc.a(lib_a-lock.o)
                0x20000e34                __lock___atexit_recursive_mutex
                0x20000e38                __lock___arc4random_mutex
                0x20000e3c                __lock___env_recursive_mutex
                0x20000e40                __lock___sinit_recursive_mutex
                0x20000e44                __lock___malloc_recursive_mutex
                0x20000e48                __lock___at_quick_exit_mutex
                0x20000e4c                __lock___dd_hash_mutex
                0x20000e50                __lock___tz_mutex
                0x20000e54                __lock___sfp_recursive_mutex
 *fill*         0x20000e55        0x3 
 COMMON         0x20000e58        0x4 c:/program files (x86)/gnu tools arm embedded/9 2019-q4-major/bin/../lib/gcc/arm-none-eabi/9.2.1/../../../../arm-none-eabi/lib/thumb/v7e-m+fp/softfp\libc.a(lib_a-reent.o)
                0x20000e58                errno
                0x20000e5c                _ebss = ALIGN (., 0x4)
                0x20022000                __StackTop = (ORIGIN (SRAM) + LENGTH (SRAM))
                0x20021000                __StackLimit = (__StackTop - SIZEOF (.stack_dummy))

.stack_dummy    0x20000e60     0x1000
 *(.stack*)
 .stack         0x20000e60     0x1000 c:/Users/chill/workspace/loop_rx_tx/build/startup_max32520.o

.heap           0x20000e60      0xc00
                0x20000e60                . = ALIGN (0x4)
 *(.heap*)
 .heap          0x20000e60      0xc00 c:/Users/chill/workspace/loop_rx_tx/build/startup_max32520.o
                0x20000e60                __HeapBase
                0x20021000                __HeapLimit = ABSOLUTE (__StackLimit)
                0x20022000                PROVIDE (__stack = __StackTop)
                0x00000001                ASSERT ((__StackLimit >= _ebss), region RAM overflowed with stack)
OUTPUT(c:/Users/chill/workspace/loop_rx_tx/build/loop_rx_tx.elf elf32-littlearm)

.ARM.attributes
                0x00000000       0x2e
 .ARM.attributes
                0x00000000       0x1e c:/program files (x86)/gnu tools arm embedded/9 2019-q4-major/bin/../lib/gcc/arm-none-eabi/9.2.1/thumb/v7e-m+fp/softfp/crti.o
 .ARM.attributes
                0x0000001e       0x32 c:/program files (x86)/gnu tools arm embedded/9 2019-q4-major/bin/../lib/gcc/arm-none-eabi/9.2.1/thumb/v7e-m+fp/softfp/crtbegin.o
 .ARM.attributes
                0x00000050       0x32 c:/Users/chill/workspace/loop_rx_tx/build/main.o
 .ARM.attributes
                0x00000082       0x37 c:/Users/chill/workspace/loop_rx_tx/build/sla_header.o
 .ARM.attributes
                0x000000b9       0x32 c:/Users/chill/workspace/loop_rx_tx/build/board.o
 .ARM.attributes
                0x000000eb       0x32 c:/Users/chill/workspace/loop_rx_tx/build/stdio.o
 .ARM.attributes
                0x0000011d       0x32 c:/Users/chill/workspace/loop_rx_tx/build/led.o
 .ARM.attributes
                0x0000014f       0x1b c:/Users/chill/workspace/loop_rx_tx/build/startup_max32520.o
 .ARM.attributes
                0x0000016a       0x32 c:/Users/chill/workspace/loop_rx_tx/build/heap.o
 .ARM.attributes
                0x0000019c       0x32 c:/Users/chill/workspace/loop_rx_tx/build/system_max32520.o
 .ARM.attributes
                0x000001ce       0x32 c:/Users/chill/workspace/loop_rx_tx/build/PeriphDriver/PeriphDriver.a(gpio.o)
 .ARM.attributes
                0x00000200       0x32 c:/Users/chill/workspace/loop_rx_tx/build/PeriphDriver/PeriphDriver.a(mxc_delay.o)
 .ARM.attributes
                0x00000232       0x32 c:/Users/chill/workspace/loop_rx_tx/build/PeriphDriver/PeriphDriver.a(mxc_sys.o)
 .ARM.attributes
                0x00000264       0x32 c:/Users/chill/workspace/loop_rx_tx/build/PeriphDriver/PeriphDriver.a(uart.o)
 .ARM.attributes
                0x00000296       0x37 c:/Users/chill/workspace/loop_rx_tx/build/PeriphDriver/PeriphDriver.a(mxc_pins.o)
 .ARM.attributes
                0x000002cd       0x32 c:/program files (x86)/gnu tools arm embedded/9 2019-q4-major/bin/../lib/gcc/arm-none-eabi/9.2.1/../../../../arm-none-eabi/lib/thumb/v7e-m+fp/softfp\libc.a(lib_a-errno.o)
 .ARM.attributes
                0x000002ff       0x32 c:/program files (x86)/gnu tools arm embedded/9 2019-q4-major/bin/../lib/gcc/arm-none-eabi/9.2.1/../../../../arm-none-eabi/lib/thumb/v7e-m+fp/softfp\libc.a(lib_a-fflush.o)
 .ARM.attributes
                0x00000331       0x32 c:/program files (x86)/gnu tools arm embedded/9 2019-q4-major/bin/../lib/gcc/arm-none-eabi/9.2.1/../../../../arm-none-eabi/lib/thumb/v7e-m+fp/softfp\libc.a(lib_a-findfp.o)
 .ARM.attributes
                0x00000363       0x32 c:/program files (x86)/gnu tools arm embedded/9 2019-q4-major/bin/../lib/gcc/arm-none-eabi/9.2.1/../../../../arm-none-eabi/lib/thumb/v7e-m+fp/softfp\libc.a(lib_a-freer.o)
 .ARM.attributes
                0x00000395       0x32 c:/program files (x86)/gnu tools arm embedded/9 2019-q4-major/bin/../lib/gcc/arm-none-eabi/9.2.1/../../../../arm-none-eabi/lib/thumb/v7e-m+fp/softfp\libc.a(lib_a-fwalk.o)
 .ARM.attributes
                0x000003c7       0x30 c:/program files (x86)/gnu tools arm embedded/9 2019-q4-major/bin/../lib/gcc/arm-none-eabi/9.2.1/../../../../arm-none-eabi/lib/thumb/v7e-m+fp/softfp\libc.a(lib_a-impure.o)
 .ARM.attributes
                0x000003f7       0x32 c:/program files (x86)/gnu tools arm embedded/9 2019-q4-major/bin/../lib/gcc/arm-none-eabi/9.2.1/../../../../arm-none-eabi/lib/thumb/v7e-m+fp/softfp\libc.a(lib_a-init.o)
 .ARM.attributes
                0x00000429       0x32 c:/program files (x86)/gnu tools arm embedded/9 2019-q4-major/bin/../lib/gcc/arm-none-eabi/9.2.1/../../../../arm-none-eabi/lib/thumb/v7e-m+fp/softfp\libc.a(lib_a-lock.o)
 .ARM.attributes
                0x0000045b       0x32 c:/program files (x86)/gnu tools arm embedded/9 2019-q4-major/bin/../lib/gcc/arm-none-eabi/9.2.1/../../../../arm-none-eabi/lib/thumb/v7e-m+fp/softfp\libc.a(lib_a-mallocr.o)
 .ARM.attributes
                0x0000048d       0x32 c:/program files (x86)/gnu tools arm embedded/9 2019-q4-major/bin/../lib/gcc/arm-none-eabi/9.2.1/../../../../arm-none-eabi/lib/thumb/v7e-m+fp/softfp\libc.a(lib_a-memset.o)
 .ARM.attributes
                0x000004bf       0x32 c:/program files (x86)/gnu tools arm embedded/9 2019-q4-major/bin/../lib/gcc/arm-none-eabi/9.2.1/../../../../arm-none-eabi/lib/thumb/v7e-m+fp/softfp\libc.a(lib_a-mlock.o)
 .ARM.attributes
                0x000004f1       0x32 c:/program files (x86)/gnu tools arm embedded/9 2019-q4-major/bin/../lib/gcc/arm-none-eabi/9.2.1/../../../../arm-none-eabi/lib/thumb/v7e-m+fp/softfp\libc.a(lib_a-printf.o)
 .ARM.attributes
                0x00000523       0x32 c:/program files (x86)/gnu tools arm embedded/9 2019-q4-major/bin/../lib/gcc/arm-none-eabi/9.2.1/../../../../arm-none-eabi/lib/thumb/v7e-m+fp/softfp\libc.a(lib_a-puts.o)
 .ARM.attributes
                0x00000555       0x32 c:/program files (x86)/gnu tools arm embedded/9 2019-q4-major/bin/../lib/gcc/arm-none-eabi/9.2.1/../../../../arm-none-eabi/lib/thumb/v7e-m+fp/softfp\libc.a(lib_a-sbrkr.o)
 .ARM.attributes
                0x00000587       0x32 c:/program files (x86)/gnu tools arm embedded/9 2019-q4-major/bin/../lib/gcc/arm-none-eabi/9.2.1/../../../../arm-none-eabi/lib/thumb/v7e-m+fp/softfp\libc.a(lib_a-stdio.o)
 .ARM.attributes
                0x000005b9       0x1c c:/program files (x86)/gnu tools arm embedded/9 2019-q4-major/bin/../lib/gcc/arm-none-eabi/9.2.1/../../../../arm-none-eabi/lib/thumb/v7e-m+fp/softfp\libc.a(lib_a-strlen.o)
 .ARM.attributes
                0x000005d5       0x32 c:/program files (x86)/gnu tools arm embedded/9 2019-q4-major/bin/../lib/gcc/arm-none-eabi/9.2.1/../../../../arm-none-eabi/lib/thumb/v7e-m+fp/softfp\libc.a(lib_a-vfprintf.o)
 .ARM.attributes
                0x00000607       0x32 c:/program files (x86)/gnu tools arm embedded/9 2019-q4-major/bin/../lib/gcc/arm-none-eabi/9.2.1/../../../../arm-none-eabi/lib/thumb/v7e-m+fp/softfp\libc.a(lib_a-writer.o)
 .ARM.attributes
                0x00000639       0x32 c:/program files (x86)/gnu tools arm embedded/9 2019-q4-major/bin/../lib/gcc/arm-none-eabi/9.2.1/../../../../arm-none-eabi/lib/thumb/v7e-m+fp/softfp\libc.a(lib_a-wsetup.o)
 .ARM.attributes
                0x0000066b       0x32 c:/program files (x86)/gnu tools arm embedded/9 2019-q4-major/bin/../lib/gcc/arm-none-eabi/9.2.1/../../../../arm-none-eabi/lib/thumb/v7e-m+fp/softfp\libc.a(lib_a-__call_atexit.o)
 .ARM.attributes
                0x0000069d       0x32 c:/program files (x86)/gnu tools arm embedded/9 2019-q4-major/bin/../lib/gcc/arm-none-eabi/9.2.1/../../../../arm-none-eabi/lib/thumb/v7e-m+fp/softfp\libc.a(lib_a-atexit.o)
 .ARM.attributes
                0x000006cf       0x32 c:/program files (x86)/gnu tools arm embedded/9 2019-q4-major/bin/../lib/gcc/arm-none-eabi/9.2.1/../../../../arm-none-eabi/lib/thumb/v7e-m+fp/softfp\libc.a(lib_a-closer.o)
 .ARM.attributes
                0x00000701       0x30 c:/program files (x86)/gnu tools arm embedded/9 2019-q4-major/bin/../lib/gcc/arm-none-eabi/9.2.1/../../../../arm-none-eabi/lib/thumb/v7e-m+fp/softfp\libc.a(lib_a-ctype_.o)
 .ARM.attributes
                0x00000731       0x32 c:/program files (x86)/gnu tools arm embedded/9 2019-q4-major/bin/../lib/gcc/arm-none-eabi/9.2.1/../../../../arm-none-eabi/lib/thumb/v7e-m+fp/softfp\libc.a(lib_a-dtoa.o)
 .ARM.attributes
                0x00000763       0x32 c:/program files (x86)/gnu tools arm embedded/9 2019-q4-major/bin/../lib/gcc/arm-none-eabi/9.2.1/../../../../arm-none-eabi/lib/thumb/v7e-m+fp/softfp\libc.a(lib_a-fclose.o)
 .ARM.attributes
                0x00000795       0x32 c:/program files (x86)/gnu tools arm embedded/9 2019-q4-major/bin/../lib/gcc/arm-none-eabi/9.2.1/../../../../arm-none-eabi/lib/thumb/v7e-m+fp/softfp\libc.a(lib_a-fini.o)
 .ARM.attributes
                0x000007c7       0x32 c:/program files (x86)/gnu tools arm embedded/9 2019-q4-major/bin/../lib/gcc/arm-none-eabi/9.2.1/../../../../arm-none-eabi/lib/thumb/v7e-m+fp/softfp\libc.a(lib_a-fvwrite.o)
 .ARM.attributes
                0x000007f9       0x32 c:/program files (x86)/gnu tools arm embedded/9 2019-q4-major/bin/../lib/gcc/arm-none-eabi/9.2.1/../../../../arm-none-eabi/lib/thumb/v7e-m+fp/softfp\libc.a(lib_a-locale.o)
 .ARM.attributes
                0x0000082b       0x32 c:/program files (x86)/gnu tools arm embedded/9 2019-q4-major/bin/../lib/gcc/arm-none-eabi/9.2.1/../../../../arm-none-eabi/lib/thumb/v7e-m+fp/softfp\libc.a(lib_a-localeconv.o)
 .ARM.attributes
                0x0000085d       0x32 c:/program files (x86)/gnu tools arm embedded/9 2019-q4-major/bin/../lib/gcc/arm-none-eabi/9.2.1/../../../../arm-none-eabi/lib/thumb/v7e-m+fp/softfp\libc.a(lib_a-lseekr.o)
 .ARM.attributes
                0x0000088f       0x32 c:/program files (x86)/gnu tools arm embedded/9 2019-q4-major/bin/../lib/gcc/arm-none-eabi/9.2.1/../../../../arm-none-eabi/lib/thumb/v7e-m+fp/softfp\libc.a(lib_a-makebuf.o)
 .ARM.attributes
                0x000008c1       0x32 c:/program files (x86)/gnu tools arm embedded/9 2019-q4-major/bin/../lib/gcc/arm-none-eabi/9.2.1/../../../../arm-none-eabi/lib/thumb/v7e-m+fp/softfp\libc.a(lib_a-mbtowc_r.o)
 .ARM.attributes
                0x000008f3       0x1c c:/program files (x86)/gnu tools arm embedded/9 2019-q4-major/bin/../lib/gcc/arm-none-eabi/9.2.1/../../../../arm-none-eabi/lib/thumb/v7e-m+fp/softfp\libc.a(lib_a-memchr.o)
 .ARM.attributes
                0x0000090f       0x1c c:/program files (x86)/gnu tools arm embedded/9 2019-q4-major/bin/../lib/gcc/arm-none-eabi/9.2.1/../../../../arm-none-eabi/lib/thumb/v7e-m+fp/softfp\libc.a(lib_a-memcpy.o)
 .ARM.attributes
                0x0000092b       0x32 c:/program files (x86)/gnu tools arm embedded/9 2019-q4-major/bin/../lib/gcc/arm-none-eabi/9.2.1/../../../../arm-none-eabi/lib/thumb/v7e-m+fp/softfp\libc.a(lib_a-memmove.o)
 .ARM.attributes
                0x0000095d       0x32 c:/program files (x86)/gnu tools arm embedded/9 2019-q4-major/bin/../lib/gcc/arm-none-eabi/9.2.1/../../../../arm-none-eabi/lib/thumb/v7e-m+fp/softfp\libc.a(lib_a-mprec.o)
 .ARM.attributes
                0x0000098f       0x32 c:/program files (x86)/gnu tools arm embedded/9 2019-q4-major/bin/../lib/gcc/arm-none-eabi/9.2.1/../../../../arm-none-eabi/lib/thumb/v7e-m+fp/softfp\libc.a(lib_a-readr.o)
 .ARM.attributes
                0x000009c1       0x32 c:/program files (x86)/gnu tools arm embedded/9 2019-q4-major/bin/../lib/gcc/arm-none-eabi/9.2.1/../../../../arm-none-eabi/lib/thumb/v7e-m+fp/softfp\libc.a(lib_a-reallocr.o)
 .ARM.attributes
                0x000009f3       0x32 c:/program files (x86)/gnu tools arm embedded/9 2019-q4-major/bin/../lib/gcc/arm-none-eabi/9.2.1/../../../../arm-none-eabi/lib/thumb/v7e-m+fp/softfp\libc.a(lib_a-reent.o)
 .ARM.attributes
                0x00000a25       0x32 c:/program files (x86)/gnu tools arm embedded/9 2019-q4-major/bin/../lib/gcc/arm-none-eabi/9.2.1/../../../../arm-none-eabi/lib/thumb/v7e-m+fp/softfp\libc.a(lib_a-s_frexp.o)
 .ARM.attributes
                0x00000a57       0x32 c:/program files (x86)/gnu tools arm embedded/9 2019-q4-major/bin/../lib/gcc/arm-none-eabi/9.2.1/../../../../arm-none-eabi/lib/thumb/v7e-m+fp/softfp\libc.a(lib_a-strncpy.o)
 .ARM.attributes
                0x00000a89       0x32 c:/program files (x86)/gnu tools arm embedded/9 2019-q4-major/bin/../lib/gcc/arm-none-eabi/9.2.1/../../../../arm-none-eabi/lib/thumb/v7e-m+fp/softfp\libc.a(lib_a-vfiprintf.o)
 .ARM.attributes
                0x00000abb       0x32 c:/program files (x86)/gnu tools arm embedded/9 2019-q4-major/bin/../lib/gcc/arm-none-eabi/9.2.1/../../../../arm-none-eabi/lib/thumb/v7e-m+fp/softfp\libc.a(lib_a-wbuf.o)
 .ARM.attributes
                0x00000aed       0x32 c:/program files (x86)/gnu tools arm embedded/9 2019-q4-major/bin/../lib/gcc/arm-none-eabi/9.2.1/../../../../arm-none-eabi/lib/thumb/v7e-m+fp/softfp\libc.a(lib_a-wctomb_r.o)
 .ARM.attributes
                0x00000b1f       0x32 c:/program files (x86)/gnu tools arm embedded/9 2019-q4-major/bin/../lib/gcc/arm-none-eabi/9.2.1/../../../../arm-none-eabi/lib/thumb/v7e-m+fp/softfp\libc.a(lib_a-__atexit.o)
 .ARM.attributes
                0x00000b51       0x32 c:/program files (x86)/gnu tools arm embedded/9 2019-q4-major/bin/../lib/gcc/arm-none-eabi/9.2.1/../../../../arm-none-eabi/lib/thumb/v7e-m+fp/softfp\libc.a(lib_a-callocr.o)
 .ARM.attributes
                0x00000b83       0x32 c:/program files (x86)/gnu tools arm embedded/9 2019-q4-major/bin/../lib/gcc/arm-none-eabi/9.2.1/../../../../arm-none-eabi/lib/thumb/v7e-m+fp/softfp\libc.a(lib_a-fputwc.o)
 .ARM.attributes
                0x00000bb5       0x32 c:/program files (x86)/gnu tools arm embedded/9 2019-q4-major/bin/../lib/gcc/arm-none-eabi/9.2.1/../../../../arm-none-eabi/lib/thumb/v7e-m+fp/softfp\libc.a(lib_a-fstatr.o)
 .ARM.attributes
                0x00000be7       0x32 c:/program files (x86)/gnu tools arm embedded/9 2019-q4-major/bin/../lib/gcc/arm-none-eabi/9.2.1/../../../../arm-none-eabi/lib/thumb/v7e-m+fp/softfp\libc.a(lib_a-isattyr.o)
 .ARM.attributes
                0x00000c19       0x32 c:/program files (x86)/gnu tools arm embedded/9 2019-q4-major/bin/../lib/gcc/arm-none-eabi/9.2.1/../../../../arm-none-eabi/lib/thumb/v7e-m+fp/softfp\libc.a(lib_a-wcrtomb.o)
 .ARM.attributes
                0x00000c4b       0x1e c:/program files (x86)/gnu tools arm embedded/9 2019-q4-major/bin/../lib/gcc/arm-none-eabi/9.2.1/thumb/v7e-m+fp/softfp\libgcc.a(_arm_addsubdf3.o)
 .ARM.attributes
                0x00000c69       0x1e c:/program files (x86)/gnu tools arm embedded/9 2019-q4-major/bin/../lib/gcc/arm-none-eabi/9.2.1/thumb/v7e-m+fp/softfp\libgcc.a(_arm_muldivdf3.o)
 .ARM.attributes
                0x00000c87       0x1e c:/program files (x86)/gnu tools arm embedded/9 2019-q4-major/bin/../lib/gcc/arm-none-eabi/9.2.1/thumb/v7e-m+fp/softfp\libgcc.a(_arm_cmpdf2.o)
 .ARM.attributes
                0x00000ca5       0x1e c:/program files (x86)/gnu tools arm embedded/9 2019-q4-major/bin/../lib/gcc/arm-none-eabi/9.2.1/thumb/v7e-m+fp/softfp\libgcc.a(_arm_unorddf2.o)
 .ARM.attributes
                0x00000cc3       0x1e c:/program files (x86)/gnu tools arm embedded/9 2019-q4-major/bin/../lib/gcc/arm-none-eabi/9.2.1/thumb/v7e-m+fp/softfp\libgcc.a(_arm_fixdfsi.o)
 .ARM.attributes
                0x00000ce1       0x1e c:/program files (x86)/gnu tools arm embedded/9 2019-q4-major/bin/../lib/gcc/arm-none-eabi/9.2.1/thumb/v7e-m+fp/softfp\libgcc.a(_aeabi_uldivmod.o)
 .ARM.attributes
                0x00000cff       0x32 c:/program files (x86)/gnu tools arm embedded/9 2019-q4-major/bin/../lib/gcc/arm-none-eabi/9.2.1/thumb/v7e-m+fp/softfp\libgcc.a(_udivmoddi4.o)
 .ARM.attributes
                0x00000d31       0x1e c:/program files (x86)/gnu tools arm embedded/9 2019-q4-major/bin/../lib/gcc/arm-none-eabi/9.2.1/thumb/v7e-m+fp/softfp\libgcc.a(_dvmd_tls.o)
 .ARM.attributes
                0x00000d4f       0x30 c:/program files (x86)/gnu tools arm embedded/9 2019-q4-major/bin/../lib/gcc/arm-none-eabi/9.2.1/thumb/v7e-m+fp/softfp/crtend.o
 .ARM.attributes
                0x00000d7f       0x1e c:/program files (x86)/gnu tools arm embedded/9 2019-q4-major/bin/../lib/gcc/arm-none-eabi/9.2.1/thumb/v7e-m+fp/softfp/crtn.o

.comment        0x00000000       0x79
 .comment       0x00000000       0x79 c:/Users/chill/workspace/loop_rx_tx/build/main.o
                                 0x7a (size before relaxing)
 .comment       0x00000079       0x7a c:/Users/chill/workspace/loop_rx_tx/build/sla_header.o
 .comment       0x00000079       0x7a c:/Users/chill/workspace/loop_rx_tx/build/board.o
 .comment       0x00000079       0x7a c:/Users/chill/workspace/loop_rx_tx/build/stdio.o
 .comment       0x00000079       0x7a c:/Users/chill/workspace/loop_rx_tx/build/led.o
 .comment       0x00000079       0x7a c:/Users/chill/workspace/loop_rx_tx/build/heap.o
 .comment       0x00000079       0x7a c:/Users/chill/workspace/loop_rx_tx/build/system_max32520.o
 .comment       0x00000079       0x7a c:/Users/chill/workspace/loop_rx_tx/build/PeriphDriver/PeriphDriver.a(gpio.o)
 .comment       0x00000079       0x7a c:/Users/chill/workspace/loop_rx_tx/build/PeriphDriver/PeriphDriver.a(mxc_delay.o)
 .comment       0x00000079       0x7a c:/Users/chill/workspace/loop_rx_tx/build/PeriphDriver/PeriphDriver.a(mxc_sys.o)
 .comment       0x00000079       0x7a c:/Users/chill/workspace/loop_rx_tx/build/PeriphDriver/PeriphDriver.a(uart.o)
 .comment       0x00000079       0x7a c:/Users/chill/workspace/loop_rx_tx/build/PeriphDriver/PeriphDriver.a(mxc_pins.o)

.debug_info     0x00000000     0xa208
 .debug_info    0x00000000      0xeed c:/Users/chill/workspace/loop_rx_tx/build/main.o
 .debug_info    0x00000eed      0xa38 c:/Users/chill/workspace/loop_rx_tx/build/sla_header.o
 .debug_info    0x00001925     0x1062 c:/Users/chill/workspace/loop_rx_tx/build/board.o
 .debug_info    0x00002987     0x10f2 c:/Users/chill/workspace/loop_rx_tx/build/stdio.o
 .debug_info    0x00003a79      0xcc4 c:/Users/chill/workspace/loop_rx_tx/build/led.o
 .debug_info    0x0000473d      0xa22 c:/Users/chill/workspace/loop_rx_tx/build/heap.o
 .debug_info    0x0000515f     0x1206 c:/Users/chill/workspace/loop_rx_tx/build/system_max32520.o
 .debug_info    0x00006365      0x9be c:/Users/chill/workspace/loop_rx_tx/build/PeriphDriver/PeriphDriver.a(gpio.o)
 .debug_info    0x00006d23      0x470 c:/Users/chill/workspace/loop_rx_tx/build/PeriphDriver/PeriphDriver.a(mxc_delay.o)
 .debug_info    0x00007193     0x146a c:/Users/chill/workspace/loop_rx_tx/build/PeriphDriver/PeriphDriver.a(mxc_sys.o)
 .debug_info    0x000085fd     0x1910 c:/Users/chill/workspace/loop_rx_tx/build/PeriphDriver/PeriphDriver.a(uart.o)
 .debug_info    0x00009f0d      0x2fb c:/Users/chill/workspace/loop_rx_tx/build/PeriphDriver/PeriphDriver.a(mxc_pins.o)

.debug_abbrev   0x00000000     0x2091
 .debug_abbrev  0x00000000      0x310 c:/Users/chill/workspace/loop_rx_tx/build/main.o
 .debug_abbrev  0x00000310      0x1e3 c:/Users/chill/workspace/loop_rx_tx/build/sla_header.o
 .debug_abbrev  0x000004f3      0x315 c:/Users/chill/workspace/loop_rx_tx/build/board.o
 .debug_abbrev  0x00000808      0x2f7 c:/Users/chill/workspace/loop_rx_tx/build/stdio.o
 .debug_abbrev  0x00000aff      0x29b c:/Users/chill/workspace/loop_rx_tx/build/led.o
 .debug_abbrev  0x00000d9a      0x232 c:/Users/chill/workspace/loop_rx_tx/build/heap.o
 .debug_abbrev  0x00000fcc      0x2da c:/Users/chill/workspace/loop_rx_tx/build/system_max32520.o
 .debug_abbrev  0x000012a6      0x277 c:/Users/chill/workspace/loop_rx_tx/build/PeriphDriver/PeriphDriver.a(gpio.o)
 .debug_abbrev  0x0000151d      0x20f c:/Users/chill/workspace/loop_rx_tx/build/PeriphDriver/PeriphDriver.a(mxc_delay.o)
 .debug_abbrev  0x0000172c      0x381 c:/Users/chill/workspace/loop_rx_tx/build/PeriphDriver/PeriphDriver.a(mxc_sys.o)
 .debug_abbrev  0x00001aad      0x50f c:/Users/chill/workspace/loop_rx_tx/build/PeriphDriver/PeriphDriver.a(uart.o)
 .debug_abbrev  0x00001fbc       0xd5 c:/Users/chill/workspace/loop_rx_tx/build/PeriphDriver/PeriphDriver.a(mxc_pins.o)

.debug_loc      0x00000000     0x2198
 .debug_loc     0x00000000      0x19a c:/Users/chill/workspace/loop_rx_tx/build/main.o
 .debug_loc     0x0000019a       0xab c:/Users/chill/workspace/loop_rx_tx/build/board.o
 .debug_loc     0x00000245      0x32e c:/Users/chill/workspace/loop_rx_tx/build/stdio.o
 .debug_loc     0x00000573       0xdc c:/Users/chill/workspace/loop_rx_tx/build/led.o
 .debug_loc     0x0000064f       0x54 c:/Users/chill/workspace/loop_rx_tx/build/heap.o
 .debug_loc     0x000006a3       0x45 c:/Users/chill/workspace/loop_rx_tx/build/system_max32520.o
 .debug_loc     0x000006e8      0x508 c:/Users/chill/workspace/loop_rx_tx/build/PeriphDriver/PeriphDriver.a(gpio.o)
 .debug_loc     0x00000bf0      0x149 c:/Users/chill/workspace/loop_rx_tx/build/PeriphDriver/PeriphDriver.a(mxc_delay.o)
 .debug_loc     0x00000d39      0xa75 c:/Users/chill/workspace/loop_rx_tx/build/PeriphDriver/PeriphDriver.a(mxc_sys.o)
 .debug_loc     0x000017ae      0x9ea c:/Users/chill/workspace/loop_rx_tx/build/PeriphDriver/PeriphDriver.a(uart.o)

.debug_aranges  0x00000000      0x410
 .debug_aranges
                0x00000000       0x38 c:/Users/chill/workspace/loop_rx_tx/build/main.o
 .debug_aranges
                0x00000038       0x18 c:/Users/chill/workspace/loop_rx_tx/build/sla_header.o
 .debug_aranges
                0x00000050       0x38 c:/Users/chill/workspace/loop_rx_tx/build/board.o
 .debug_aranges
                0x00000088       0x48 c:/Users/chill/workspace/loop_rx_tx/build/stdio.o
 .debug_aranges
                0x000000d0       0x38 c:/Users/chill/workspace/loop_rx_tx/build/led.o
 .debug_aranges
                0x00000108       0x20 c:/Users/chill/workspace/loop_rx_tx/build/heap.o
 .debug_aranges
                0x00000128       0x30 c:/Users/chill/workspace/loop_rx_tx/build/system_max32520.o
 .debug_aranges
                0x00000158       0x90 c:/Users/chill/workspace/loop_rx_tx/build/PeriphDriver/PeriphDriver.a(gpio.o)
 .debug_aranges
                0x000001e8       0x50 c:/Users/chill/workspace/loop_rx_tx/build/PeriphDriver/PeriphDriver.a(mxc_delay.o)
 .debug_aranges
                0x00000238      0x100 c:/Users/chill/workspace/loop_rx_tx/build/PeriphDriver/PeriphDriver.a(mxc_sys.o)
 .debug_aranges
                0x00000338       0xc0 c:/Users/chill/workspace/loop_rx_tx/build/PeriphDriver/PeriphDriver.a(uart.o)
 .debug_aranges
                0x000003f8       0x18 c:/Users/chill/workspace/loop_rx_tx/build/PeriphDriver/PeriphDriver.a(mxc_pins.o)

.debug_ranges   0x00000000      0x3f0
 .debug_ranges  0x00000000       0x40 c:/Users/chill/workspace/loop_rx_tx/build/main.o
 .debug_ranges  0x00000040       0x28 c:/Users/chill/workspace/loop_rx_tx/build/board.o
 .debug_ranges  0x00000068       0x38 c:/Users/chill/workspace/loop_rx_tx/build/stdio.o
 .debug_ranges  0x000000a0       0x28 c:/Users/chill/workspace/loop_rx_tx/build/led.o
 .debug_ranges  0x000000c8       0x10 c:/Users/chill/workspace/loop_rx_tx/build/heap.o
 .debug_ranges  0x000000d8       0x20 c:/Users/chill/workspace/loop_rx_tx/build/system_max32520.o
 .debug_ranges  0x000000f8       0x80 c:/Users/chill/workspace/loop_rx_tx/build/PeriphDriver/PeriphDriver.a(gpio.o)
 .debug_ranges  0x00000178       0x40 c:/Users/chill/workspace/loop_rx_tx/build/PeriphDriver/PeriphDriver.a(mxc_delay.o)
 .debug_ranges  0x000001b8      0x130 c:/Users/chill/workspace/loop_rx_tx/build/PeriphDriver/PeriphDriver.a(mxc_sys.o)
 .debug_ranges  0x000002e8      0x108 c:/Users/chill/workspace/loop_rx_tx/build/PeriphDriver/PeriphDriver.a(uart.o)

.debug_macro    0x00000000     0x8915
 .debug_macro   0x00000000      0x329 c:/Users/chill/workspace/loop_rx_tx/build/main.o
 .debug_macro   0x00000329      0xab4 c:/Users/chill/workspace/loop_rx_tx/build/main.o
 .debug_macro   0x00000ddd       0x22 c:/Users/chill/workspace/loop_rx_tx/build/main.o
 .debug_macro   0x00000dff       0x58 c:/Users/chill/workspace/loop_rx_tx/build/main.o
 .debug_macro   0x00000e57       0x18 c:/Users/chill/workspace/loop_rx_tx/build/main.o
 .debug_macro   0x00000e6f       0x94 c:/Users/chill/workspace/loop_rx_tx/build/main.o
 .debug_macro   0x00000f03       0x35 c:/Users/chill/workspace/loop_rx_tx/build/main.o
 .debug_macro   0x00000f38       0x34 c:/Users/chill/workspace/loop_rx_tx/build/main.o
 .debug_macro   0x00000f6c       0x16 c:/Users/chill/workspace/loop_rx_tx/build/main.o
 .debug_macro   0x00000f82       0x57 c:/Users/chill/workspace/loop_rx_tx/build/main.o
 .debug_macro   0x00000fd9       0x97 c:/Users/chill/workspace/loop_rx_tx/build/main.o
 .debug_macro   0x00001070      0x339 c:/Users/chill/workspace/loop_rx_tx/build/main.o
 .debug_macro   0x000013a9       0xfd c:/Users/chill/workspace/loop_rx_tx/build/main.o
 .debug_macro   0x000014a6       0x10 c:/Users/chill/workspace/loop_rx_tx/build/main.o
 .debug_macro   0x000014b6       0x58 c:/Users/chill/workspace/loop_rx_tx/build/main.o
 .debug_macro   0x0000150e       0x1f c:/Users/chill/workspace/loop_rx_tx/build/main.o
 .debug_macro   0x0000152d       0x43 c:/Users/chill/workspace/loop_rx_tx/build/main.o
 .debug_macro   0x00001570       0x20 c:/Users/chill/workspace/loop_rx_tx/build/main.o
 .debug_macro   0x00001590      0x18e c:/Users/chill/workspace/loop_rx_tx/build/main.o
 .debug_macro   0x0000171e       0x10 c:/Users/chill/workspace/loop_rx_tx/build/main.o
 .debug_macro   0x0000172e       0x6a c:/Users/chill/workspace/loop_rx_tx/build/main.o
 .debug_macro   0x00001798       0x1c c:/Users/chill/workspace/loop_rx_tx/build/main.o
 .debug_macro   0x000017b4       0x52 c:/Users/chill/workspace/loop_rx_tx/build/main.o
 .debug_macro   0x00001806       0x40 c:/Users/chill/workspace/loop_rx_tx/build/main.o
 .debug_macro   0x00001846       0x10 c:/Users/chill/workspace/loop_rx_tx/build/main.o
 .debug_macro   0x00001856       0x40 c:/Users/chill/workspace/loop_rx_tx/build/main.o
 .debug_macro   0x00001896       0xd7 c:/Users/chill/workspace/loop_rx_tx/build/main.o
 .debug_macro   0x0000196d       0x1c c:/Users/chill/workspace/loop_rx_tx/build/main.o
 .debug_macro   0x00001989       0x3d c:/Users/chill/workspace/loop_rx_tx/build/main.o
 .debug_macro   0x000019c6       0x16 c:/Users/chill/workspace/loop_rx_tx/build/main.o
 .debug_macro   0x000019dc      0x16f c:/Users/chill/workspace/loop_rx_tx/build/main.o
 .debug_macro   0x00001b4b       0xef c:/Users/chill/workspace/loop_rx_tx/build/main.o
 .debug_macro   0x00001c3a      0x1df c:/Users/chill/workspace/loop_rx_tx/build/main.o
 .debug_macro   0x00001e19       0x16 c:/Users/chill/workspace/loop_rx_tx/build/main.o
 .debug_macro   0x00001e2f       0x35 c:/Users/chill/workspace/loop_rx_tx/build/main.o
 .debug_macro   0x00001e64       0x52 c:/Users/chill/workspace/loop_rx_tx/build/main.o
 .debug_macro   0x00001eb6       0x3b c:/Users/chill/workspace/loop_rx_tx/build/main.o
 .debug_macro   0x00001ef1       0x2d c:/Users/chill/workspace/loop_rx_tx/build/main.o
 .debug_macro   0x00001f1e       0x42 c:/Users/chill/workspace/loop_rx_tx/build/main.o
 .debug_macro   0x00001f60      0xd39 c:/Users/chill/workspace/loop_rx_tx/build/main.o
 .debug_macro   0x00002c99       0x22 c:/Users/chill/workspace/loop_rx_tx/build/main.o
 .debug_macro   0x00002cbb      0x218 c:/Users/chill/workspace/loop_rx_tx/build/main.o
 .debug_macro   0x00002ed3       0x84 c:/Users/chill/workspace/loop_rx_tx/build/main.o
 .debug_macro   0x00002f57      0x1e7 c:/Users/chill/workspace/loop_rx_tx/build/main.o
 .debug_macro   0x0000313e       0x28 c:/Users/chill/workspace/loop_rx_tx/build/main.o
 .debug_macro   0x00003166       0x7c c:/Users/chill/workspace/loop_rx_tx/build/main.o
 .debug_macro   0x000031e2      0x4c5 c:/Users/chill/workspace/loop_rx_tx/build/main.o
 .debug_macro   0x000036a7       0x76 c:/Users/chill/workspace/loop_rx_tx/build/main.o
 .debug_macro   0x0000371d      0x2b4 c:/Users/chill/workspace/loop_rx_tx/build/main.o
 .debug_macro   0x000039d1      0x635 c:/Users/chill/workspace/loop_rx_tx/build/main.o
 .debug_macro   0x00004006      0x748 c:/Users/chill/workspace/loop_rx_tx/build/main.o
 .debug_macro   0x0000474e      0x1b4 c:/Users/chill/workspace/loop_rx_tx/build/main.o
 .debug_macro   0x00004902      0x160 c:/Users/chill/workspace/loop_rx_tx/build/main.o
 .debug_macro   0x00004a62      0x591 c:/Users/chill/workspace/loop_rx_tx/build/main.o
 .debug_macro   0x00004ff3      0x250 c:/Users/chill/workspace/loop_rx_tx/build/main.o
 .debug_macro   0x00005243      0x722 c:/Users/chill/workspace/loop_rx_tx/build/main.o
 .debug_macro   0x00005965       0x12 c:/Users/chill/workspace/loop_rx_tx/build/main.o
 .debug_macro   0x00005977       0x10 c:/Users/chill/workspace/loop_rx_tx/build/main.o
 .debug_macro   0x00005987       0x22 c:/Users/chill/workspace/loop_rx_tx/build/main.o
 .debug_macro   0x000059a9      0x5a8 c:/Users/chill/workspace/loop_rx_tx/build/main.o
 .debug_macro   0x00005f51       0x2e c:/Users/chill/workspace/loop_rx_tx/build/main.o
 .debug_macro   0x00005f7f      0x1be c:/Users/chill/workspace/loop_rx_tx/build/sla_header.o
 .debug_macro   0x0000613d      0x300 c:/Users/chill/workspace/loop_rx_tx/build/board.o
 .debug_macro   0x0000643d       0x16 c:/Users/chill/workspace/loop_rx_tx/build/board.o
 .debug_macro   0x00006453       0x40 c:/Users/chill/workspace/loop_rx_tx/build/board.o
 .debug_macro   0x00006493       0x16 c:/Users/chill/workspace/loop_rx_tx/build/board.o
 .debug_macro   0x000064a9      0x3a5 c:/Users/chill/workspace/loop_rx_tx/build/stdio.o
 .debug_macro   0x0000684e       0x10 c:/Users/chill/workspace/loop_rx_tx/build/stdio.o
 .debug_macro   0x0000685e      0x174 c:/Users/chill/workspace/loop_rx_tx/build/stdio.o
 .debug_macro   0x000069d2      0x23b c:/Users/chill/workspace/loop_rx_tx/build/stdio.o
 .debug_macro   0x00006c0d       0x16 c:/Users/chill/workspace/loop_rx_tx/build/stdio.o
 .debug_macro   0x00006c23       0x16 c:/Users/chill/workspace/loop_rx_tx/build/stdio.o
 .debug_macro   0x00006c39       0x29 c:/Users/chill/workspace/loop_rx_tx/build/stdio.o
 .debug_macro   0x00006c62       0x16 c:/Users/chill/workspace/loop_rx_tx/build/stdio.o
 .debug_macro   0x00006c78      0x51a c:/Users/chill/workspace/loop_rx_tx/build/stdio.o
 .debug_macro   0x00007192       0x16 c:/Users/chill/workspace/loop_rx_tx/build/stdio.o
 .debug_macro   0x000071a8       0x10 c:/Users/chill/workspace/loop_rx_tx/build/stdio.o
 .debug_macro   0x000071b8       0x41 c:/Users/chill/workspace/loop_rx_tx/build/stdio.o
 .debug_macro   0x000071f9      0x122 c:/Users/chill/workspace/loop_rx_tx/build/stdio.o
 .debug_macro   0x0000731b      0x27c c:/Users/chill/workspace/loop_rx_tx/build/led.o
 .debug_macro   0x00007597       0x5e c:/Users/chill/workspace/loop_rx_tx/build/led.o
 .debug_macro   0x000075f5      0x1b2 c:/Users/chill/workspace/loop_rx_tx/build/heap.o
 .debug_macro   0x000077a7      0x328 c:/Users/chill/workspace/loop_rx_tx/build/system_max32520.o
 .debug_macro   0x00007acf       0x10 c:/Users/chill/workspace/loop_rx_tx/build/system_max32520.o
 .debug_macro   0x00007adf       0x1c c:/Users/chill/workspace/loop_rx_tx/build/system_max32520.o
 .debug_macro   0x00007afb      0x15e c:/Users/chill/workspace/loop_rx_tx/build/system_max32520.o
 .debug_macro   0x00007c59      0x117 c:/Users/chill/workspace/loop_rx_tx/build/PeriphDriver/PeriphDriver.a(gpio.o)
 .debug_macro   0x00007d70      0x105 c:/Users/chill/workspace/loop_rx_tx/build/PeriphDriver/PeriphDriver.a(mxc_delay.o)
 .debug_macro   0x00007e75       0x1c c:/Users/chill/workspace/loop_rx_tx/build/PeriphDriver/PeriphDriver.a(mxc_delay.o)
 .debug_macro   0x00007e91      0x1a7 c:/Users/chill/workspace/loop_rx_tx/build/PeriphDriver/PeriphDriver.a(mxc_sys.o)
 .debug_macro   0x00008038       0x16 c:/Users/chill/workspace/loop_rx_tx/build/PeriphDriver/PeriphDriver.a(mxc_sys.o)
 .debug_macro   0x0000804e      0x26c c:/Users/chill/workspace/loop_rx_tx/build/PeriphDriver/PeriphDriver.a(uart.o)
 .debug_macro   0x000082ba      0x106 c:/Users/chill/workspace/loop_rx_tx/build/PeriphDriver/PeriphDriver.a(mxc_pins.o)
 .debug_macro   0x000083c0      0x4d7 c:/Users/chill/workspace/loop_rx_tx/build/PeriphDriver/PeriphDriver.a(mxc_pins.o)
 .debug_macro   0x00008897       0x7e c:/Users/chill/workspace/loop_rx_tx/build/PeriphDriver/PeriphDriver.a(mxc_pins.o)

.debug_line     0x00000000     0x5635
 .debug_line    0x00000000      0x7be c:/Users/chill/workspace/loop_rx_tx/build/main.o
 .debug_line    0x000007be      0x377 c:/Users/chill/workspace/loop_rx_tx/build/sla_header.o
 .debug_line    0x00000b35      0x6ff c:/Users/chill/workspace/loop_rx_tx/build/board.o
 .debug_line    0x00001234      0x7d9 c:/Users/chill/workspace/loop_rx_tx/build/stdio.o
 .debug_line    0x00001a0d      0x6b8 c:/Users/chill/workspace/loop_rx_tx/build/led.o
 .debug_line    0x000020c5      0x3db c:/Users/chill/workspace/loop_rx_tx/build/heap.o
 .debug_line    0x000024a0      0x6e6 c:/Users/chill/workspace/loop_rx_tx/build/system_max32520.o
 .debug_line    0x00002b86      0x905 c:/Users/chill/workspace/loop_rx_tx/build/PeriphDriver/PeriphDriver.a(gpio.o)
 .debug_line    0x0000348b      0x5b5 c:/Users/chill/workspace/loop_rx_tx/build/PeriphDriver/PeriphDriver.a(mxc_delay.o)
 .debug_line    0x00003a40      0xb3a c:/Users/chill/workspace/loop_rx_tx/build/PeriphDriver/PeriphDriver.a(mxc_sys.o)
 .debug_line    0x0000457a      0xd64 c:/Users/chill/workspace/loop_rx_tx/build/PeriphDriver/PeriphDriver.a(uart.o)
 .debug_line    0x000052de      0x357 c:/Users/chill/workspace/loop_rx_tx/build/PeriphDriver/PeriphDriver.a(mxc_pins.o)

.debug_str      0x00000000    0x2b324
 .debug_str     0x00000000    0x274c9 c:/Users/chill/workspace/loop_rx_tx/build/main.o
                              0x27745 (size before relaxing)
 .debug_str     0x000274c9      0x19a c:/Users/chill/workspace/loop_rx_tx/build/sla_header.o
                               0x7ff4 (size before relaxing)
 .debug_str     0x00027663      0x398 c:/Users/chill/workspace/loop_rx_tx/build/board.o
                              0x24a53 (size before relaxing)
 .debug_str     0x000279fb     0x1c25 c:/Users/chill/workspace/loop_rx_tx/build/stdio.o
                              0x2635a (size before relaxing)
 .debug_str     0x00029620       0x9e c:/Users/chill/workspace/loop_rx_tx/build/led.o
                              0x12851 (size before relaxing)
 .debug_str     0x000296be       0x88 c:/Users/chill/workspace/loop_rx_tx/build/heap.o
                               0x8c8b (size before relaxing)
 .debug_str     0x00029746      0xf96 c:/Users/chill/workspace/loop_rx_tx/build/system_max32520.o
                              0x256b5 (size before relaxing)
 .debug_str     0x0002a6dc      0x196 c:/Users/chill/workspace/loop_rx_tx/build/PeriphDriver/PeriphDriver.a(gpio.o)
                               0xec11 (size before relaxing)
 .debug_str     0x0002a872      0x152 c:/Users/chill/workspace/loop_rx_tx/build/PeriphDriver/PeriphDriver.a(mxc_delay.o)
                               0xe703 (size before relaxing)
 .debug_str     0x0002a9c4      0x59f c:/Users/chill/workspace/loop_rx_tx/build/PeriphDriver/PeriphDriver.a(mxc_sys.o)
                              0x212b0 (size before relaxing)
 .debug_str     0x0002af63      0x3af c:/Users/chill/workspace/loop_rx_tx/build/PeriphDriver/PeriphDriver.a(uart.o)
                              0x23ab7 (size before relaxing)
 .debug_str     0x0002b312       0x12 c:/Users/chill/workspace/loop_rx_tx/build/PeriphDriver/PeriphDriver.a(mxc_pins.o)
                               0xe5b4 (size before relaxing)

.debug_frame    0x00000000     0x1ccc
 .debug_frame   0x00000000       0x80 c:/Users/chill/workspace/loop_rx_tx/build/main.o
 .debug_frame   0x00000080       0x60 c:/Users/chill/workspace/loop_rx_tx/build/board.o
 .debug_frame   0x000000e0       0xa0 c:/Users/chill/workspace/loop_rx_tx/build/stdio.o
 .debug_frame   0x00000180       0x88 c:/Users/chill/workspace/loop_rx_tx/build/led.o
 .debug_frame   0x00000208       0x28 c:/Users/chill/workspace/loop_rx_tx/build/heap.o
 .debug_frame   0x00000230       0x58 c:/Users/chill/workspace/loop_rx_tx/build/system_max32520.o
 .debug_frame   0x00000288      0x138 c:/Users/chill/workspace/loop_rx_tx/build/PeriphDriver/PeriphDriver.a(gpio.o)
 .debug_frame   0x000003c0       0xa4 c:/Users/chill/workspace/loop_rx_tx/build/PeriphDriver/PeriphDriver.a(mxc_delay.o)
 .debug_frame   0x00000464      0x270 c:/Users/chill/workspace/loop_rx_tx/build/PeriphDriver/PeriphDriver.a(mxc_sys.o)
 .debug_frame   0x000006d4      0x210 c:/Users/chill/workspace/loop_rx_tx/build/PeriphDriver/PeriphDriver.a(uart.o)
 .debug_frame   0x000008e4       0x20 c:/program files (x86)/gnu tools arm embedded/9 2019-q4-major/bin/../lib/gcc/arm-none-eabi/9.2.1/../../../../arm-none-eabi/lib/thumb/v7e-m+fp/softfp\libc.a(lib_a-errno.o)
 .debug_frame   0x00000904       0x5c c:/program files (x86)/gnu tools arm embedded/9 2019-q4-major/bin/../lib/gcc/arm-none-eabi/9.2.1/../../../../arm-none-eabi/lib/thumb/v7e-m+fp/softfp\libc.a(lib_a-fflush.o)
 .debug_frame   0x00000960      0x14c c:/program files (x86)/gnu tools arm embedded/9 2019-q4-major/bin/../lib/gcc/arm-none-eabi/9.2.1/../../../../arm-none-eabi/lib/thumb/v7e-m+fp/softfp\libc.a(lib_a-findfp.o)
 .debug_frame   0x00000aac       0x8c c:/program files (x86)/gnu tools arm embedded/9 2019-q4-major/bin/../lib/gcc/arm-none-eabi/9.2.1/../../../../arm-none-eabi/lib/thumb/v7e-m+fp/softfp\libc.a(lib_a-freer.o)
 .debug_frame   0x00000b38       0x54 c:/program files (x86)/gnu tools arm embedded/9 2019-q4-major/bin/../lib/gcc/arm-none-eabi/9.2.1/../../../../arm-none-eabi/lib/thumb/v7e-m+fp/softfp\libc.a(lib_a-fwalk.o)
 .debug_frame   0x00000b8c       0x2c c:/program files (x86)/gnu tools arm embedded/9 2019-q4-major/bin/../lib/gcc/arm-none-eabi/9.2.1/../../../../arm-none-eabi/lib/thumb/v7e-m+fp/softfp\libc.a(lib_a-init.o)
 .debug_frame   0x00000bb8       0xb0 c:/program files (x86)/gnu tools arm embedded/9 2019-q4-major/bin/../lib/gcc/arm-none-eabi/9.2.1/../../../../arm-none-eabi/lib/thumb/v7e-m+fp/softfp\libc.a(lib_a-lock.o)